Component: ARM Compiler 5.06 update 1 (build 61) Tool: armlink [4d35a8]

==============================================================================

Section Cross References

    main.o(i.advertising_start) refers to nrf_log_frontend.o(i.nrf_log_frontend_std_0) for nrf_log_frontend_std_0
    main.o(i.advertising_start) refers to peer_manager.o(i.pm_peers_delete) for pm_peers_delete
    main.o(i.advertising_start) refers to ble_advertising.o(i.ble_advertising_start) for ble_advertising_start
    main.o(i.advertising_start) refers to app_error_handler_keil.o(.emb_text) for app_error_handler
    main.o(i.advertising_start) refers to nrf_log_frontend.o(log_const_data) for m_nrf_log_app_logs_data_const
    main.o(i.advertising_start) refers to main.o(.bss) for .bss
    main.o(i.afe4900_interval_timeout_handler) refers to afe4409.o(i.AFE4409_volReg_Read_Data) for AFE4409_volReg_Read_Data
    main.o(i.afe4900_interval_timeout_handler) refers to afe4409.o(i.AFE4409_EGC_volReg_Read_Data) for AFE4409_EGC_volReg_Read_Data
    main.o(i.afe4900_interval_timeout_handler) refers to main.o(.data) for .data
    main.o(i.afe4900_interval_timeout_handler) refers to main.o(.bss) for .bss
    main.o(i.app_shutdown_handler) refers to nrf_log_frontend.o(i.nrf_log_frontend_std_0) for nrf_log_frontend_std_0
    main.o(i.app_shutdown_handler) refers to nrf_log_frontend.o(log_const_data) for m_nrf_log_app_logs_data_const
    main.o(i.application_timers_start) refers to app_timer.o(i.app_timer_start) for app_timer_start
    main.o(i.application_timers_start) refers to app_error_handler_keil.o(.emb_text) for app_error_handler
    main.o(i.application_timers_start) refers to main.o(.constdata) for .constdata
    main.o(i.assert_nrf_callback) refers to app_error_handler_keil.o(.emb_text) for app_error_handler
    main.o(i.battery_level_meas_timeout_handler) refers to sensorsim.o(i.sensorsim_measure) for sensorsim_measure
    main.o(i.battery_level_meas_timeout_handler) refers to ble_bas.o(i.ble_bas_battery_level_update) for ble_bas_battery_level_update
    main.o(i.battery_level_meas_timeout_handler) refers to app_error_handler_keil.o(.emb_text) for app_error_handler
    main.o(i.battery_level_meas_timeout_handler) refers to main.o(.bss) for .bss
    main.o(i.battery_level_meas_timeout_handler) refers to main.o(.data) for .data
    main.o(i.battery_level_meas_timeout_handler) refers to main.o(i.advertising_start) for i.advertising_start
    main.o(i.ble_dfu_evt_handler) refers to nrf_log_frontend.o(i.nrf_log_frontend_std_0) for nrf_log_frontend_std_0
    main.o(i.ble_dfu_evt_handler) refers to memseta.o(.text) for __aeabi_memclr4
    main.o(i.ble_dfu_evt_handler) refers to ble_advertising.o(i.ble_advertising_modes_config_set) for ble_advertising_modes_config_set
    main.o(i.ble_dfu_evt_handler) refers to ble_conn_state.o(i.ble_conn_state_for_each_connected) for ble_conn_state_for_each_connected
    main.o(i.ble_dfu_evt_handler) refers to nrf_log_frontend.o(i.nrf_log_frontend_std_1) for nrf_log_frontend_std_1
    main.o(i.ble_dfu_evt_handler) refers to nrf_log_frontend.o(log_const_data) for m_nrf_log_app_logs_data_const
    main.o(i.ble_dfu_evt_handler) refers to main.o(.bss) for .bss
    main.o(i.ble_dfu_evt_handler) refers to main.o(i.disconnect) for disconnect
    main.o(i.ble_evt_handler) refers to app_error_handler_keil.o(.emb_text) for app_error_handler
    main.o(i.ble_evt_handler) refers to nrf_log_frontend.o(i.nrf_log_frontend_std_0) for nrf_log_frontend_std_0
    main.o(i.ble_evt_handler) refers to bsp.o(i.bsp_indication_set) for bsp_indication_set
    main.o(i.ble_evt_handler) refers to nrf_ble_qwr.o(i.nrf_ble_qwr_conn_handle_assign) for nrf_ble_qwr_conn_handle_assign
    main.o(i.ble_evt_handler) refers to nrf_log_frontend.o(i.nrf_log_frontend_std_1) for nrf_log_frontend_std_1
    main.o(i.ble_evt_handler) refers to nrf_log_frontend.o(i.nrf_log_frontend_std_5) for nrf_log_frontend_std_5
    main.o(i.ble_evt_handler) refers to nrf_log_frontend.o(log_const_data) for m_nrf_log_app_logs_data_const
    main.o(i.ble_evt_handler) refers to main.o(.data) for .data
    main.o(i.ble_evt_handler) refers to main.o(.bss) for .bss
    main.o(i.ble_evt_handler) refers to main.o(.conststring) for .conststring
    main.o(i.bsp_event_handler) refers to main.o(i.sleep_mode_enter) for sleep_mode_enter
    main.o(i.bsp_event_handler) refers to ble_advertising.o(i.ble_advertising_restart_without_whitelist) for ble_advertising_restart_without_whitelist
    main.o(i.bsp_event_handler) refers to app_error_handler_keil.o(.emb_text) for app_error_handler
    main.o(i.bsp_event_handler) refers to main.o(.data) for .data
    main.o(i.bsp_event_handler) refers to main.o(.bss) for .bss
    main.o(i.buttonless_dfu_sdh_state_observer) refers to nrf_pwr_mgmt.o(i.nrf_pwr_mgmt_shutdown) for nrf_pwr_mgmt_shutdown
    main.o(i.buttons_leds_init) refers to bsp.o(i.bsp_init) for bsp_init
[...]
    0x0002d93a   0x00000002   PAD
    0x0002d93c   0x00000014   Code   RO           17    i.conn_params_error_handler  main.o
    0x0002d950   0x00000048   Code   RO         1395    i.conn_params_negotiation  ble_conn_params.o
    0x0002d998   0x00000044   Code   RO         3330    i.conn_sec_failure  security_dispatcher.o
    0x0002d9dc   0x00000004   Code   RO         3188    i.conn_secure       peer_manager_handler.o
    0x0002d9e0   0x00000074   Code   RO         9761    i.ctr_drbg_update_internal  ctr_drbg.o
    0x0002da54   0x000000c0   Code   RO         2087    i.data_length_update  nrf_ble_gatt.o
    0x0002db14   0x00000030   Code   RO         1686    i.db_update_pending_handle  gatt_cache_manager.o
    0x0002db44   0x00000080   Code   RO         7038    i.delete_execute    fds.o
    0x0002dbc4   0x000000aa   Code   RO         1629    i.descriptor_add    ble_srv_common.o
    0x0002dc6e   0x00000002   PAD
    0x0002dc70   0x00000098   Code   RO         6574    i.detection_delay_timeout_handler  app_button.o
    0x0002dd08   0x00000034   Code   RO           18    i.disconnect        main.o
    0x0002dd3c   0x00000014   Code   RO         8884    i.dropped_sat16_get  nrf_log_frontend.o
    0x0002dd50   0x00000002   Code   RO        10188    i.dummy_evt_handler  ble_dfu.o
    0x0002dd52   0x00000002   PAD
    0x0002dd54   0x00000040   Code   RO         6792    i.elapsed_ticks_acquire  app_timer.o
    0x0002dd94   0x0000000a   Code   RO         3331    i.encryption_failure  security_dispatcher.o
    0x0002dd9e   0x0000000e   Code   RO         4938    i.entropy_callback  nrf_hw_backend_rng_mbedtls.o
    0x0002ddac   0x0000004c   Code   RO         7965    i.erase             nrf_fstorage_sd.o
    0x0002ddf8   0x00000018   Code   RO          682    i.event_generate    slice_sm_button.o
    0x0002de10   0x00000074   Code   RO         7039    i.event_prepare     fds.o
    0x0002de84   0x00000020   Code   RO         7040    i.event_send        fds.o
    0x0002dea4   0x00000054   Code   RO         7966    i.event_send        nrf_fstorage_sd.o
    0x0002def8   0x000000ac   Code   RO         3469    i.events_send_from_err_code  security_manager.o
    0x0002dfa4   0x0000001c   Code   RO         1687    i.evt_send          gatt_cache_manager.o
    0x0002dfc0   0x0000002c   Code   RO         2894    i.evt_send          peer_manager.o
    0x0002dfec   0x0000001c   Code   RO         3332    i.evt_send          security_dispatcher.o
    0x0002e008   0x0000000c   Code   RO         3470    i.evt_send          security_manager.o
    0x0002e014   0x000000ec   Code   RO         2544    i.fds_evt_handler   peer_data_storage.o
    0x0002e100   0x00000044   Code   RO         7042    i.fds_file_delete   fds.o
    0x0002e144   0x0000003c   Code   RO         7043    i.fds_gc            fds.o
    0x0002e180   0x000000d0   Code   RO         7044    i.fds_init          fds.o
    0x0002e250   0x00000040   Code   RO         7045    i.fds_record_close  fds.o
    0x0002e290   0x0000000e   Code   RO         7047    i.fds_record_find   fds.o
    0x0002e29e   0x00000010   Code   RO         7048    i.fds_record_find_by_key  fds.o
    0x0002e2ae   0x00000010   Code   RO         7049    i.fds_record_find_in_file  fds.o
    0x0002e2be   0x00000010   Code   RO         7050    i.fds_record_id_from_desc  fds.o
    0x0002e2ce   0x00000002   PAD
    0x0002e2d0   0x00000048   Code   RO         7052    i.fds_record_open   fds.o
    0x0002e318   0x0000000e   Code   RO         7053    i.fds_record_update  fds.o
    0x0002e326   0x00000008   Code   RO         7054    i.fds_record_write  fds.o
    0x0002e32e   0x00000002   PAD
    0x0002e330   0x0000002c   Code   RO         7056    i.fds_register      fds.o
    0x0002e35c   0x00000014   Code   RO         8665    i.fifo_get          app_fifo.o
    0x0002e370   0x00000012   Code   RO         8666    i.fifo_put          app_fifo.o
    0x0002e382   0x00000014   Code   RO         2545    i.file_id_within_pm_range  peer_data_storage.o
    0x0002e396   0x00000012   Code   RO         3333    i.flag_id_init      security_dispatcher.o
    0x0002e3a8   0x00000012   Code   RO         3471    i.flag_id_init      security_manager.o
    0x0002e3ba   0x00000028   Code   RO         1308    i.flags_set         ble_advertising.o
    0x0002e3e2   0x00000002   PAD
    0x0002e3e4   0x00000030   Code   RO         3472    i.flags_set_from_err_code  security_manager.o
    0x0002e414   0x00000030   Code   RO         1483    i.for_each_set_flag  ble_conn_state.o
    0x0002e444   0x00000006   Code   RO         7060    i.fs_event_handler  fds.o
    0x0002e44a   0x00000002   PAD
    0x0002e44c   0x000000b8   Code   RO          683    i.fsm               slice_sm_button.o
    0x0002e504   0x00000084   Code   RO           19    i.gap_params_init   main.o
    0x0002e588   0x00000070   Code   RO           20    i.gatt_evt_handler  main.o
    0x0002e5f8   0x00000074   Code   RO         7061    i.gc_execute        fds.o
    0x0002e66c   0x0000004c   Code   RO         7062    i.gc_next_page      fds.o
    0x0002e6b8   0x00000040   Code   RO         7063    i.gc_page_erase     fds.o
    0x0002e6f8   0x00000034   Code   RO         7064    i.gc_record_copy    fds.o
    0x0002e72c   0x00000024   Code   RO         7065    i.gc_record_find_next  fds.o
    0x0002e750   0x00000088   Code   RO         7066    i.gc_state_advance  fds.o
    0x0002e7d8   0x000001b8   Code   RO         1688    i.gcm_ble_evt_handler  gatt_cache_manager.o
    0x0002e990   0x0000003c   Code   RO         1689    i.gcm_im_evt_handler  gatt_cache_manager.o
    0x0002e9cc   0x0000007c   Code   RO         1690    i.gcm_init          gatt_cache_manager.o
    0x0002ea48   0x00000088   Code   RO         1693    i.gcm_pdb_evt_handler  gatt_cache_manager.o
    0x0002ead0   0x00000068   Code   RO         4400    i.generate          nrf_crypto_rng.o
    0x0002eb38   0x000000c8   Code   RO         4401    i.generate_in_range  nrf_crypto_rng.o
    0x0002ec00   0x000000b4   Code   RO           21    i.gpio_pin_init     main.o
    0x0002ecb4   0x00000084   Code   RO         6575    i.gpiote_event_handler  app_button.o
    0x0002ed38   0x0000001c   Code   RO         1837    i.gscm_db_change_notification_done  gatts_cache_manager.o
    0x0002ed54   0x00000014   Code   RO         1838    i.gscm_init         gatts_cache_manager.o
    0x0002ed68   0x00000090   Code   RO         1840    i.gscm_local_db_cache_apply  gatts_cache_manager.o
    0x0002edf8   0x000000ac   Code   RO         1841    i.gscm_local_db_cache_update  gatts_cache_manager.o
    0x0002eea4   0x00000018   Code   RO         1842    i.gscm_pdb_evt_handler  gatts_cache_manager.o
    0x0002eebc   0x0000001e   Code   RO         1843    i.gscm_service_changed_ind_needed  gatts_cache_manager.o
    0x0002eeda   0x00000002   PAD
    0x0002eedc   0x0000005c   Code   RO         1844    i.gscm_service_changed_ind_send  gatts_cache_manager.o
    0x0002ef38   0x00000026   Code   RO         7067    i.header_check      fds.o
    0x0002ef5e   0x00000012   Code   RO         7068    i.header_has_next   fds.o
    0x0002ef70   0x0000004c   Code   RO           22    i.heart_rate_meas_timeout_handler  main.o
    0x0002efbc   0x0000009a   Code   RO         3757    i.hrm_encode        ble_sensor.o
    0x0002f056   0x00000046   Code   RO         1923    i.im_address_resolve  id_manager.o
    0x0002f09c   0x00000038   Code   RO         1924    i.im_ble_addr_get   id_manager.o
    0x0002f0d4   0x000000dc   Code   RO         1925    i.im_ble_evt_handler  id_manager.o
    0x0002f1b0   0x00000040   Code   RO         1926    i.im_conn_handle_get  id_manager.o
    0x0002f1f0   0x00000038   Code   RO         1928    i.im_find_duplicate_bonding_data  id_manager.o
    0x0002f228   0x00000072   Code   RO         1931    i.im_is_duplicate_bonding_data  id_manager.o
    0x0002f29a   0x00000018   Code   RO         1932    i.im_master_id_is_valid  id_manager.o
    0x0002f2b2   0x0000002a   Code   RO         1933    i.im_master_ids_compare  id_manager.o
    0x0002f2dc   0x00000014   Code   RO         1934    i.im_new_peer_id    id_manager.o
    0x0002f2f0   0x0000002c   Code   RO         1935    i.im_peer_free      id_manager.o
    0x0002f31c   0x00000024   Code   RO         1936    i.im_peer_id_get_by_conn_handle  id_manager.o
    0x0002f340   0x0000003c   Code   RO         1937    i.im_peer_id_get_by_master_id  id_manager.o
    0x0002f37c   0x000000cc   Code   RO           23    i.in_pin_handler    main.o
    0x0002f448   0x00000034   Code   RO         7967    i.init              nrf_fstorage_sd.o
    0x0002f47c   0x000000c8   Code   RO         7069    i.init_execute      fds.o
    0x0002f544   0x00000014   Code   RO         1396    i.instance_get      ble_conn_params.o
    0x0002f558   0x000000a6   Code   RO         7839    i.int_print         nrf_fprintf_format.o
    0x0002f5fe   0x00000002   PAD
    0x0002f600   0x00000080   Code   RO         6038    i.interrupts_enable  nrfx_uarte.o
    0x0002f680   0x00000034   Code   RO         8885    i.invalid_packets_omit  nrf_log_frontend.o
    0x0002f6b4   0x00000010   Code   RO         7968    i.is_busy           nrf_fstorage_sd.o
    0x0002f6c4   0x00000044   Code   RO         1397    i.is_conn_params_ok  ble_conn_params.o
    0x0002f708   0x00000014   Code   RO         1942    i.is_valid_irk      id_manager.o
    0x0002f71c   0x00000024   Code   RO         4402    i.is_vector_greater_or_equal  nrf_crypto_rng.o
    0x0002f740   0x0000000c   Code   RO         7070    i.is_word_aligned   fds.o
    0x0002f74c   0x00000030   Code   RO          902    i.leds_off          bsp.o
    0x0002f77c   0x00000014   Code   RO          903    i.leds_timer_handler  bsp.o
    0x0002f790   0x00000018   Code   RO         2088    i.link_init         nrf_ble_gatt.o
    0x0002f7a8   0x000000d0   Code   RO         3473    i.link_secure       security_manager.o
    0x0002f878   0x0000003c   Code   RO         3334    i.link_secure_failure  security_dispatcher.o
    0x0002f8b4   0x0000002c   Code   RO         3474    i.link_secure_pending_handle  security_manager.o
    0x0002f8e0   0x000000f8   Code   RO         6793    i.list_insertions_handler  app_timer.o
    0x0002f9d8   0x000000a8   Code   RO         1694    i.local_db_apply_in_evt  gatt_cache_manager.o
    0x0002fa80   0x00000010   Code   RO         1695    i.local_db_update   gatt_cache_manager.o
    0x0002fa90   0x0000010c   Code   RO         1696    i.local_db_update_in_evt  gatt_cache_manager.o
    0x0002fb9c   0x0000009c   Code   RO         8886    i.log_skip          nrf_log_frontend.o
    0x0002fc38   0x00000260   Code   RO           24    i.main              main.o
    0x0002fe98   0x00000064   Code   RO         1200    i.manuf_specific_data_encode  ble_advdata.o
    0x0002fefc   0x0000001a   Code   RO         9686    i.mbedtls_aes_crypt_ecb  aes.o
    0x0002ff16   0x00000002   PAD
    0x0002ff18   0x000003c8   Code   RO         9687    i.mbedtls_aes_decrypt  aes.o
    0x000302e0   0x000003c8   Code   RO         9688    i.mbedtls_aes_encrypt  aes.o
    0x000306a8   0x00000016   Code   RO         9689    i.mbedtls_aes_free  aes.o
    0x000306be   0x00000008   Code   RO         9690    i.mbedtls_aes_init  aes.o
    0x000306c6   0x00000002   PAD
    0x000306c8   0x0000019c   Code   RO         9692    i.mbedtls_aes_setkey_enc  aes.o
    0x00030864   0x0000001e   Code   RO         9762    i.mbedtls_ctr_drbg_free  ctr_drbg.o
    0x00030882   0x00000008   Code   RO         9763    i.mbedtls_ctr_drbg_init  ctr_drbg.o
    0x0003088a   0x0000000c   Code   RO         9764    i.mbedtls_ctr_drbg_random  ctr_drbg.o
    0x00030896   0x000000ba   Code   RO         9765    i.mbedtls_ctr_drbg_random_with_add  ctr_drbg.o
    0x00030950   0x0000006a   Code   RO         9766    i.mbedtls_ctr_drbg_reseed  ctr_drbg.o
    0x000309ba   0x00000010   Code   RO         9767    i.mbedtls_ctr_drbg_seed  ctr_drbg.o
    0x000309ca   0x0000004c   Code   RO         9768    i.mbedtls_ctr_drbg_seed_entropy_len  ctr_drbg.o
    0x00030a16   0x0000007e   Code   RO         8077    i.memobj_op         nrf_memobj.o
    0x00030a94   0x00000048   Code   RO           25    i.mma8451_interval_timeout_handler  main.o
    0x00030adc   0x00000002   Code   RO        10036    i.mma8451_irq_in_pin_handler  mma8451.o
    0x00030ade   0x0000003a   Code   RO        10037    i.mma8451_read_reg  mma8451.o
    0x00030b18   0x00000036   Code   RO        10038    i.mma8451_write_reg  mma8451.o
    0x00030b4e   0x00000002   PAD
    0x00030b50   0x00000030   Code   RO         8887    i.module_idx_get    nrf_log_frontend.o
    0x00030b80   0x00000008   Code   RO         3281    i.mutex_lock_status_get  pm_buffer.o
    0x00030b88   0x000000a6   Code   RO         1201    i.name_encode       ble_advdata.o
    0x00030c2e   0x00000002   PAD
    0x00030c30   0x00000014   Code   RO         3475    i.new_context_get   security_manager.o
    0x00030c44   0x00000030   Code   RO         2804    i.next_id_get       peer_id.o
    0x00030c74   0x00000010   Code   RO         7492    i.nrf_atfifo_clear  nrf_atfifo.o
    0x00030c84   0x00000026   Code   RO         7494    i.nrf_atfifo_init   nrf_atfifo.o
    0x00030caa   0x00000016   Code   RO         7495    i.nrf_atfifo_item_alloc  nrf_atfifo.o
    0x00030cc0   0x00000016   Code   RO         7496    i.nrf_atfifo_item_free  nrf_atfifo.o
    0x00030cd6   0x00000016   Code   RO         7497    i.nrf_atfifo_item_get  nrf_atfifo.o
    0x00030cec   0x00000016   Code   RO         7498    i.nrf_atfifo_item_put  nrf_atfifo.o
    0x00030d02   0x00000016   Code   RO         7560    i.nrf_atflags_clear  nrf_atflags.o
    0x00030d18   0x00000020   Code   RO         7562    i.nrf_atflags_fetch_set  nrf_atflags.o
    0x00030d38   0x0000004a   Code   RO         7564    i.nrf_atflags_find_and_set_flag  nrf_atflags.o
    0x00030d82   0x00000016   Code   RO         7565    i.nrf_atflags_get   nrf_atflags.o
    0x00030d98   0x00000014   Code   RO         7567    i.nrf_atflags_set   nrf_atflags.o
    0x00030dac   0x00000006   Code   RO         7628    i.nrf_atomic_flag_clear_fetch  nrf_atomic.o
    0x00030db2   0x00000006   Code   RO         7629    i.nrf_atomic_flag_set  nrf_atomic.o
    0x00030db8   0x00000006   Code   RO         7630    i.nrf_atomic_flag_set_fetch  nrf_atomic.o
    0x00030dbe   0x0000000c   Code   RO         7631    i.nrf_atomic_u32_add  nrf_atomic.o
    0x00030dca   0x0000000c   Code   RO         7632    i.nrf_atomic_u32_and  nrf_atomic.o
    0x00030dd6   0x0000000a   Code   RO         7634    i.nrf_atomic_u32_fetch_add  nrf_atomic.o
    0x00030de0   0x0000000a   Code   RO         7635    i.nrf_atomic_u32_fetch_and  nrf_atomic.o
    0x00030dea   0x0000000a   Code   RO         7636    i.nrf_atomic_u32_fetch_or  nrf_atomic.o
    0x00030df4   0x0000000a   Code   RO         7637    i.nrf_atomic_u32_fetch_store  nrf_atomic.o
    0x00030dfe   0x0000000c   Code   RO         7641    i.nrf_atomic_u32_or  nrf_atomic.o
    0x00030e0a   0x0000000c   Code   RO         7643    i.nrf_atomic_u32_sub  nrf_atomic.o
    0x00030e16   0x00000044   Code   RO         7762    i.nrf_balloc_alloc  nrf_balloc.o
    0x00030e5a   0x00000030   Code   RO         7763    i.nrf_balloc_free   nrf_balloc.o
    0x00030e8a   0x00000030   Code   RO         7764    i.nrf_balloc_init   nrf_balloc.o
    0x00030eba   0x00000010   Code   RO         5431    i.nrf_bitmask_bit_is_set  nrfx_gpiote.o
    0x00030eca   0x00000014   Code   RO         5432    i.nrf_bitmask_bit_set  nrfx_gpiote.o
    0x00030ede   0x00000022   Code   RO         2094    i.nrf_ble_gatt_init  nrf_ble_gatt.o
    0x00030f00   0x00000150   Code   RO         2095    i.nrf_ble_gatt_on_ble_evt  nrf_ble_gatt.o
    0x00031050   0x00000074   Code   RO         2190    i.nrf_ble_lesc_init  nrf_ble_lesc.o
    0x000310c4   0x00000144   Code   RO         2191    i.nrf_ble_lesc_keypair_generate  nrf_ble_lesc.o
    0x00031208   0x00000044   Code   RO         2192    i.nrf_ble_lesc_on_ble_evt  nrf_ble_lesc.o
    0x0003124c   0x0000003c   Code   RO         2193    i.nrf_ble_lesc_public_key_get  nrf_ble_lesc.o
    0x00031288   0x0000004c   Code   RO         2194    i.nrf_ble_lesc_request_handler  nrf_ble_lesc.o
    0x000312d4   0x00000016   Code   RO         2503    i.nrf_ble_qwr_conn_handle_assign  nrf_ble_qwr.o
    0x000312ea   0x00000024   Code   RO         2504    i.nrf_ble_qwr_init  nrf_ble_qwr.o
    0x0003130e   0x000000b6   Code   RO         2505    i.nrf_ble_qwr_on_ble_evt  nrf_ble_qwr.o
    0x000313c4   0x0000000e   Code   RO         5293    i.nrf_clock_event_check  nrfx_clock.o
    0x000313d2   0x00000010   Code   RO         5294    i.nrf_clock_event_clear  nrfx_clock.o
    0x000313e2   0x00000010   Code   RO         4689    i.nrf_crypto_backend_curve25519_ecdh_compute  oberon_backend_ecdh.o
    0x000313f2   0x0000003a   Code   RO         4567    i.nrf_crypto_backend_curve25519_key_pair_generate  oberon_backend_ecc.o
    0x0003142c   0x00000010   Code   RO         4568    i.nrf_crypto_backend_curve25519_public_key_calculate  oberon_backend_ecc.o
    0x0003143c   0x00000032   Code   RO         4569    i.nrf_crypto_backend_ed25519_key_pair_generate  oberon_backend_ecc.o
    0x0003146e   0x0000001c   Code   RO         4570    i.nrf_crypto_backend_ed25519_private_key_from_raw  oberon_backend_ecc.o
    0x0003148a   0x00000012   Code   RO         4571    i.nrf_crypto_backend_ed25519_public_key_calculate  oberon_backend_ecc.o
    0x0003149c   0x00000010   Code   RO         4572    i.nrf_crypto_backend_oberon_ecc_secp256r1_rng  oberon_backend_ecc.o
    0x000314ac   0x00000010   Code   RO         4573    i.nrf_crypto_backend_oberon_private_key_from_raw  oberon_backend_ecc.o
    0x000314bc   0x00000016   Code   RO         4574    i.nrf_crypto_backend_oberon_private_key_to_raw  oberon_backend_ecc.o
    0x000314d2   0x00000010   Code   RO         4575    i.nrf_crypto_backend_oberon_public_key_from_raw  oberon_backend_ecc.o
    0x000314e2   0x00000016   Code   RO         4576    i.nrf_crypto_backend_oberon_public_key_to_raw  oberon_backend_ecc.o
    0x000314f8   0x00000016   Code   RO         4690    i.nrf_crypto_backend_secp256r1_ecdh_compute  oberon_backend_ecdh.o
    0x0003150e   0x00000026   Code   RO         4577    i.nrf_crypto_backend_secp256r1_key_pair_generate  oberon_backend_ecc.o
    0x00031534   0x00000016   Code   RO         4578    i.nrf_crypto_backend_secp256r1_public_key_calculate  oberon_backend_ecc.o
    0x0003154a   0x00000048   Code   RO         3972    i.nrf_crypto_ecc_byte_order_invert  nrf_crypto_ecc.o
    0x00031592   0x00000002   PAD
    0x00031594   0x00000088   Code   RO         3974    i.nrf_crypto_ecc_key_pair_generate  nrf_crypto_ecc.o
    0x0003161c   0x00000048   Code   RO         3980    i.nrf_crypto_ecc_public_key_from_raw  nrf_crypto_ecc.o
    0x00031664   0x00000044   Code   RO         3981    i.nrf_crypto_ecc_public_key_to_raw  nrf_crypto_ecc.o
    0x000316a8   0x000000a0   Code   RO         4073    i.nrf_crypto_ecdh_compute  nrf_crypto_ecdh.o
    0x00031748   0x00000040   Code   RO         4355    i.nrf_crypto_init   nrf_crypto_init.o
    0x00031788   0x00000018   Code   RO         3982    i.nrf_crypto_internal_ecc_key_input_check  nrf_crypto_ecc.o
    0x000317a0   0x0000001a   Code   RO         3983    i.nrf_crypto_internal_ecc_key_output_prepare  nrf_crypto_ecc.o
    0x000317ba   0x00000016   Code   RO         3984    i.nrf_crypto_internal_ecc_raw_input_check  nrf_crypto_ecc.o
    0x000317d0   0x0000001c   Code   RO         3985    i.nrf_crypto_internal_ecc_raw_output_prepare  nrf_crypto_ecc.o
    0x000317ec   0x0000001c   Code   RO         4357    i.nrf_crypto_is_initializing  nrf_crypto_init.o
    0x00031808   0x00000034   Code   RO         4939    i.nrf_crypto_rng_backend_init  nrf_hw_backend_rng_mbedtls.o
    0x0003183c   0x00000014   Code   RO         4940    i.nrf_crypto_rng_backend_reseed  nrf_hw_backend_rng_mbedtls.o
    0x00031850   0x00000010   Code   RO         4941    i.nrf_crypto_rng_backend_uninit  nrf_hw_backend_rng_mbedtls.o
    0x00031860   0x00000010   Code   RO         4942    i.nrf_crypto_rng_backend_vector_generate  nrf_hw_backend_rng_mbedtls.o
    0x00031870   0x000000b4   Code   RO         4403    i.nrf_crypto_rng_init  nrf_crypto_rng.o
    0x00031924   0x00000098   Code   RO         4404    i.nrf_crypto_rng_reseed  nrf_crypto_rng.o
    0x000319bc   0x00000038   Code   RO         4405    i.nrf_crypto_rng_uninit  nrf_crypto_rng.o
    0x000319f4   0x00000006   Code   RO         4406    i.nrf_crypto_rng_vector_generate  nrf_crypto_rng.o
    0x000319fa   0x0000000c   Code   RO         4407    i.nrf_crypto_rng_vector_generate_in_range  nrf_crypto_rng.o
    0x00031a06   0x00000002   PAD
    0x00031a08   0x00000038   Code   RO         5025    i.nrf_drv_clock_init  nrf_drv_clock.o
    0x00031a40   0x00000030   Code   RO         5029    i.nrf_drv_clock_lfclk_release  nrf_drv_clock.o
    0x00031a70   0x00000028   Code   RO         5163    i.nrf_drv_rng_block_rand  nrf_drv_rng.o
    0x00031a98   0x00000058   Code   RO         5165    i.nrf_drv_rng_init  nrf_drv_rng.o
    0x00031af0   0x00000060   Code   RO         5166    i.nrf_drv_rng_rand  nrf_drv_rng.o
    0x00031b50   0x00000038   Code   RO         5167    i.nrf_drv_rng_uninit  nrf_drv_rng.o
    0x00031b88   0x00000040   Code   RO         6192    i.nrf_drv_twi_init  nrf_drv_twi.o
    0x00031bc8   0x00000006   Code   RO        10117    i.nrf_drv_twi_rx    twi.o
    0x00031bce   0x0000000e   Code   RO        10118    i.nrf_drv_twi_tx    twi.o
    0x00031bdc   0x00000068   Code   RO         5240    i.nrf_drv_uart_init  nrf_drv_uart.o
    0x00031c44   0x00000020   Code   RO         8577    i.nrf_drv_uart_rx   app_uart_fifo.o
    0x00031c64   0x00000020   Code   RO         8578    i.nrf_drv_uart_tx   app_uart_fifo.o
    0x00031c84   0x0000001a   Code   RO         7799    i.nrf_fprintf       nrf_fprintf.o
    0x00031c9e   0x00000018   Code   RO         7800    i.nrf_fprintf_buffer_flush  nrf_fprintf.o
    0x00031cb6   0x000001da   Code   RO         7840    i.nrf_fprintf_fmt   nrf_fprintf_format.o
    0x00031e90   0x00000138   Code   RO         7880    i.nrf_fstorage_erase  nrf_fstorage.o
    0x00031fc8   0x00000094   Code   RO         7881    i.nrf_fstorage_init  nrf_fstorage.o
    0x0003205c   0x00000018   Code   RO         7969    i.nrf_fstorage_sdh_req_handler  nrf_fstorage_sd.o
    0x00032074   0x00000020   Code   RO         7970    i.nrf_fstorage_sdh_state_handler  nrf_fstorage_sd.o
    0x00032094   0x000000a4   Code   RO         7971    i.nrf_fstorage_sys_evt_handler  nrf_fstorage_sd.o
    0x00032138   0x000001dc   Code   RO         7887    i.nrf_fstorage_write  nrf_fstorage.o
    0x00032314   0x00000024   Code   RO          799    i.nrf_gpio_cfg      boards.o
    0x00032338   0x00000024   Code   RO         5433    i.nrf_gpio_cfg      nrfx_gpiote.o
    0x0003235c   0x00000024   Code   RO         5850    i.nrf_gpio_cfg      nrfx_uart.o
    0x00032380   0x00000024   Code   RO         6039    i.nrf_gpio_cfg      nrfx_uarte.o
    0x000323a4   0x00000024   Code   RO         6282    i.nrf_gpio_cfg      nrfx_twim.o
    0x000323c8   0x00000012   Code   RO         5852    i.nrf_gpio_cfg_input  nrfx_uart.o
    0x000323da   0x00000012   Code   RO         6041    i.nrf_gpio_cfg_input  nrfx_uarte.o
    0x000323ec   0x00000010   Code   RO           26    i.nrf_gpio_cfg_output  main.o
    0x000323fc   0x00000014   Code   RO         5853    i.nrf_gpio_cfg_output  nrfx_uart.o
    0x00032410   0x00000014   Code   RO         6042    i.nrf_gpio_cfg_output  nrfx_uarte.o
    0x00032424   0x00000022   Code   RO         5435    i.nrf_gpio_cfg_sense_set  nrfx_gpiote.o
    0x00032446   0x0000000e   Code   RO           27    i.nrf_gpio_pin_clear  main.o
    0x00032454   0x0000000e   Code   RO         6193    i.nrf_gpio_pin_set  nrf_drv_twi.o
    0x00032462   0x0000001c   Code   RO           28    i.nrf_gpio_pin_toggle  main.o
    0x0003247e   0x00000016   Code   RO          800    i.nrf_gpio_pin_write  boards.o
    0x00032494   0x00000028   Code   RO         5436    i.nrf_gpio_ports_read  nrfx_gpiote.o
    0x000324bc   0x00000014   Code   RO         5437    i.nrf_gpiote_event_clear  nrfx_gpiote.o
    0x000324d0   0x00000010   Code   RO         5438    i.nrf_gpiote_event_is_set  nrfx_gpiote.o
    0x000324e0   0x00000008   Code   RO         4889    i.nrf_hw_backend_init  nrf_hw_backend_init.o
    0x000324e8   0x00000004   Code   RO         4890    i.nrf_hw_backend_uninit  nrf_hw_backend_init.o
    0x000324ec   0x0000005c   Code   RO         8888    i.nrf_log_backend_add  nrf_log_frontend.o
    0x00032548   0x00000002   Code   RO         8728    i.nrf_log_backend_rtt_flush  nrf_log_backend_rtt.o
    0x0003254a   0x00000004   Code   RO         8729    i.nrf_log_backend_rtt_init  nrf_log_backend_rtt.o
    0x0003254e   0x00000002   Code   RO         8730    i.nrf_log_backend_rtt_panic_set  nrf_log_backend_rtt.o
    0x00032550   0x00000018   Code   RO         8731    i.nrf_log_backend_rtt_put  nrf_log_backend_rtt.o
    0x00032568   0x000000c8   Code   RO         8794    i.nrf_log_backend_serial_put  nrf_log_backend_serial.o
    0x00032630   0x00000030   Code   RO         8890    i.nrf_log_color_id_get  nrf_log_frontend.o
    0x00032660   0x0000001c   Code   RO         8846    i.nrf_log_default_backends_init  nrf_log_default_backends.o
    0x0003267c   0x00000234   Code   RO         8891    i.nrf_log_frontend_dequeue  nrf_log_frontend.o
    0x000328b0   0x000000a8   Code   RO         8892    i.nrf_log_frontend_hexdump  nrf_log_frontend.o
    0x00032958   0x00000008   Code   RO         8893    i.nrf_log_frontend_std_0  nrf_log_frontend.o
    0x00032960   0x0000000e   Code   RO         8894    i.nrf_log_frontend_std_1  nrf_log_frontend.o
    0x0003296e   0x00000010   Code   RO         8895    i.nrf_log_frontend_std_2  nrf_log_frontend.o
    0x0003297e   0x00000012   Code   RO         8896    i.nrf_log_frontend_std_3  nrf_log_frontend.o
    0x00032990   0x00000014   Code   RO         8897    i.nrf_log_frontend_std_4  nrf_log_frontend.o
    0x000329a4   0x0000001c   Code   RO         8898    i.nrf_log_frontend_std_5  nrf_log_frontend.o
    0x000329c0   0x0000001c   Code   RO         8899    i.nrf_log_frontend_std_6  nrf_log_frontend.o
    0x000329dc   0x000000ac   Code   RO         9068    i.nrf_log_hexdump_entry_process  nrf_log_str_formatter.o
    0x00032a88   0x0000003c   Code   RO         8900    i.nrf_log_init      nrf_log_frontend.o
    0x00032ac4   0x00000014   Code   RO         8901    i.nrf_log_module_cnt_get  nrf_log_frontend.o
    0x00032ad8   0x0000001c   Code   RO         8904    i.nrf_log_module_name_get  nrf_log_frontend.o
    0x00032af4   0x0000002c   Code   RO         8905    i.nrf_log_panic     nrf_log_frontend.o
    0x00032b20   0x000000b6   Code   RO         9069    i.nrf_log_std_entry_process  nrf_log_str_formatter.o
    0x00032bd6   0x00000060   Code   RO         8078    i.nrf_memobj_alloc  nrf_memobj.o
    0x00032c36   0x00000032   Code   RO         8079    i.nrf_memobj_free   nrf_memobj.o
    0x00032c68   0x00000008   Code   RO         8080    i.nrf_memobj_get    nrf_memobj.o
    0x00032c70   0x00000004   Code   RO         8081    i.nrf_memobj_pool_init  nrf_memobj.o
    0x00032c74   0x0000001e   Code   RO         8082    i.nrf_memobj_put    nrf_memobj.o
    0x00032c92   0x00000010   Code   RO         8083    i.nrf_memobj_read   nrf_memobj.o
    0x00032ca2   0x00000010   Code   RO         8084    i.nrf_memobj_write  nrf_memobj.o
    0x00032cb2   0x00000002   PAD
    0x00032cb4   0x00000028   Code   RO         8156    i.nrf_pwr_mgmt_init  nrf_pwr_mgmt.o
    0x00032cdc   0x00000044   Code   RO         8157    i.nrf_pwr_mgmt_run  nrf_pwr_mgmt.o
    0x00032d20   0x0000003c   Code   RO         8158    i.nrf_pwr_mgmt_shutdown  nrf_pwr_mgmt.o
    0x00032d5c   0x0000001e   Code   RO         8229    i.nrf_queue_is_full  nrf_queue.o
    0x00032d7a   0x0000000e   Code   RO         8232    i.nrf_queue_next_idx  nrf_queue.o
    0x00032d88   0x000000b2   Code   RO         8234    i.nrf_queue_push    nrf_queue.o
    0x00032e3a   0x0000003e   Code   RO         8235    i.nrf_queue_read    nrf_queue.o
    0x00032e78   0x00000022   Code   RO         8236    i.nrf_queue_reset   nrf_queue.o
    0x00032e9a   0x00000002   PAD
    0x00032e9c   0x00000014   Code   RO           29    i.nrf_qwr_error_handler  main.o
    0x00032eb0   0x0000001c   Code   RO         8343    i.nrf_ringbuf_init  nrf_ringbuf.o
    0x00032ecc   0x00000010   Code   RO         6422    i.nrf_saadc_buffer_init  nrfx_saadc.o
    0x00032edc   0x00000014   Code   RO         6423    i.nrf_saadc_channel_input_set  nrfx_saadc.o
    0x00032ef0   0x00000010   Code   RO         6424    i.nrf_saadc_event_check  nrfx_saadc.o
    0x00032f00   0x00000014   Code   RO         6425    i.nrf_saadc_event_clear  nrfx_saadc.o
    0x00032f14   0x00000014   Code   RO         9596    i.nrf_sdh_ble_app_ram_start_get  nrf_sdh_ble.o
    0x00032f28   0x00000138   Code   RO         9597    i.nrf_sdh_ble_default_cfg_set  nrf_sdh_ble.o
    0x00033060   0x00000130   Code   RO         9598    i.nrf_sdh_ble_enable  nrf_sdh_ble.o
    0x00033190   0x000000a8   Code   RO         9599    i.nrf_sdh_ble_evts_poll  nrf_sdh_ble.o
    0x00033238   0x00000054   Code   RO         9477    i.nrf_sdh_disable_request  nrf_sdh.o
    0x0003328c   0x00000074   Code   RO         9478    i.nrf_sdh_enable_request  nrf_sdh.o
    0x00033300   0x00000024   Code   RO         9479    i.nrf_sdh_evts_poll  nrf_sdh.o
    0x00033324   0x0000000c   Code   RO         9480    i.nrf_sdh_is_enabled  nrf_sdh.o
    0x00033330   0x0000001c   Code   RO         9482    i.nrf_sdh_request_continue  nrf_sdh.o
    0x0003334c   0x00000080   Code   RO         9650    i.nrf_sdh_soc_evts_poll  nrf_sdh_soc.o
    0x000333cc   0x0000000a   Code   RO         8401    i.nrf_section_iter_init  nrf_section_iter.o
    0x000333d6   0x00000024   Code   RO         8402    i.nrf_section_iter_item_set  nrf_section_iter.o
    0x000333fa   0x00000020   Code   RO         8403    i.nrf_section_iter_next  nrf_section_iter.o
    0x0003341a   0x00000002   PAD
    0x0003341c   0x00000014   Code   RO         4410    i.nrf_stack_info_overflowed  nrf_crypto_rng.o
    0x00033430   0x00000038   Code   RO         8436    i.nrf_strerror_find  nrf_strerror.o
    0x00033468   0x00000014   Code   RO         8437    i.nrf_strerror_get  nrf_strerror.o
    0x0003347c   0x0000000a   Code   RO         6284    i.nrf_twim_event_check  nrfx_twim.o
    0x00033486   0x0000000c   Code   RO         6285    i.nrf_twim_event_clear  nrfx_twim.o
    0x00033492   0x0000000a   Code   RO         5854    i.nrf_uart_event_check  nrfx_uart.o
    0x0003349c   0x0000000c   Code   RO         5855    i.nrf_uart_event_clear  nrfx_uart.o
    0x000334a8   0x0000000c   Code   RO         5856    i.nrf_uart_int_enable_check  nrfx_uart.o
    0x000334b4   0x0000000a   Code   RO         6043    i.nrf_uarte_event_check  nrfx_uarte.o
    0x000334be   0x0000000c   Code   RO         6044    i.nrf_uarte_event_clear  nrfx_uarte.o
    0x000334ca   0x00000002   PAD
    0x000334cc   0x00000030   Code   RO         5299    i.nrfx_clock_enable  nrfx_clock.o
    0x000334fc   0x00000020   Code   RO         5302    i.nrfx_clock_init   nrfx_clock.o
    0x0003351c   0x0000001c   Code   RO         5305    i.nrfx_clock_lfclk_stop  nrfx_clock.o
    0x00033538   0x00000010   Code   RO         6194    i.nrfx_coredep_delay_us  nrf_drv_twi.o
    0x00033548   0x00000010   Code   RO         6794    i.nrfx_coredep_delay_us  app_timer.o
    0x00033558   0x00000010   Code   RO         9872    i.nrfx_coredep_delay_us  afe4409.o
    0x00033568   0x000000a4   Code   RO         5443    i.nrfx_gpiote_in_event_enable  nrfx_gpiote.o
    0x0003360c   0x000000d0   Code   RO         5444    i.nrfx_gpiote_in_init  nrfx_gpiote.o
    0x000336dc   0x00000014   Code   RO         5445    i.nrfx_gpiote_in_is_set  nrfx_gpiote.o
    0x000336f0   0x00000070   Code   RO         5447    i.nrfx_gpiote_init  nrfx_gpiote.o
    0x00033760   0x00000014   Code   RO         5448    i.nrfx_gpiote_is_init  nrfx_gpiote.o
    0x00033774   0x00000010   Code   RO         6045    i.nrfx_is_in_ram    nrfx_uarte.o
    0x00033784   0x00000010   Code   RO         6286    i.nrfx_is_in_ram    nrfx_twim.o
    0x00033794   0x0000003a   Code   RO         5730    i.nrfx_prs_acquire  nrfx_prs.o
    0x000337ce   0x00000002   PAD
    0x000337d0   0x00000038   Code   RO         5168    i.nrfx_rng_handler  nrf_drv_rng.o
    0x00033808   0x0000005c   Code   RO         5784    i.nrfx_rng_init     nrfx_rng.o
    0x00033864   0x00000020   Code   RO         5785    i.nrfx_rng_start    nrfx_rng.o
    0x00033884   0x00000014   Code   RO         5786    i.nrfx_rng_stop     nrfx_rng.o
    0x00033898   0x00000028   Code   RO         5787    i.nrfx_rng_uninit   nrfx_rng.o
    0x000338c0   0x000000a4   Code   RO         6429    i.nrfx_saadc_buffer_convert  nrfx_saadc.o
    0x00033964   0x000000ac   Code   RO         6431    i.nrfx_saadc_channel_init  nrfx_saadc.o
    0x00033a10   0x00000090   Code   RO         6433    i.nrfx_saadc_init   nrfx_saadc.o
    0x00033aa0   0x0000002c   Code   RO         6436    i.nrfx_saadc_sample  nrfx_saadc.o
    0x00033acc   0x00000024   Code   RO         6288    i.nrfx_twim_enable  nrfx_twim.o
    0x00033af0   0x000000e4   Code   RO         6289    i.nrfx_twim_init    nrfx_twim.o
    0x00033bd4   0x00000030   Code   RO         6291    i.nrfx_twim_rx      nrfx_twim.o
    0x00033c04   0x00000036   Code   RO         6294    i.nrfx_twim_tx      nrfx_twim.o
    0x00033c3a   0x00000002   PAD
    0x00033c3c   0x00000028   Code   RO         6296    i.nrfx_twim_xfer    nrfx_twim.o
    0x00033c64   0x00000010   Code   RO         5857    i.nrfx_uart_0_irq_handler  nrfx_uart.o
    0x00033c74   0x000000d4   Code   RO         5859    i.nrfx_uart_init    nrfx_uart.o
    0x00033d48   0x000000ec   Code   RO         5860    i.nrfx_uart_rx      nrfx_uart.o
    0x00033e34   0x000000a4   Code   RO         5865    i.nrfx_uart_tx      nrfx_uart.o
    0x00033ed8   0x00000020   Code   RO         5867    i.nrfx_uart_tx_in_progress  nrfx_uart.o
    0x00033ef8   0x00000010   Code   RO         6046    i.nrfx_uarte_0_irq_handler  nrfx_uarte.o
    0x00033f08   0x0000006c   Code   RO         6048    i.nrfx_uarte_init   nrfx_uarte.o
    0x00033f74   0x00000104   Code   RO         6049    i.nrfx_uarte_rx     nrfx_uarte.o
    0x00034078   0x00000090   Code   RO         6052    i.nrfx_uarte_tx     nrfx_uarte.o
    0x00034108   0x0000001c   Code   RO         6054    i.nrfx_uarte_tx_in_progress  nrfx_uarte.o
    0x00034124   0x000000f4   Code   RO           30    i.nus_data_handler  main.o
    0x00034218   0x00000004   Code   RO         4579    i.oberon_vector_generate  oberon_backend_ecc.o
    0x0003421c   0x00000064   Code   RO           31    i.on_adv_evt        main.o
    0x00034280   0x0000002c   Code   RO           32    i.on_conn_params_evt  main.o
    0x000342ac   0x0000006a   Code   RO         3828    i.on_connect        ble_nus.o
    0x00034316   0x00000002   PAD
    0x00034318   0x000000a8   Code   RO         2096    i.on_connected_evt  nrf_ble_gatt.o
    0x000343c0   0x000000fc   Code   RO         2195    i.on_dhkey_request  nrf_ble_lesc.o
    0x000344bc   0x000000ac   Code   RO         2097    i.on_exchange_mtu_request_evt  nrf_ble_gatt.o
    0x00034568   0x00000070   Code   RO        10189    i.on_rw_authorize_req  ble_dfu.o
    0x000345d8   0x00000084   Code   RO         3829    i.on_write          ble_nus.o
    0x0003465c   0x00000024   Code   RO         7071    i.page_identify     fds.o
    0x00034680   0x0000001c   Code   RO         7072    i.page_offsets_update  fds.o
    0x0003469c   0x0000006c   Code   RO         7073    i.page_scan         fds.o
    0x00034708   0x0000001c   Code   RO         7074    i.page_tag_write_data  fds.o
    0x00034724   0x00000024   Code   RO         7075    i.page_tag_write_swap  fds.o
    0x00034748   0x0000011c   Code   RO         7076    i.pages_init        fds.o
    0x00034864   0x0000000c   Code   RO         3335    i.pairing           security_dispatcher.o
    0x00034870   0x00000074   Code   RO         3336    i.pairing_failure   security_dispatcher.o
    0x000348e4   0x0000002e   Code   RO         3337    i.pairing_success_evt_send  security_dispatcher.o
    0x00034912   0x00000006   Code   RO         3476    i.params_reply_pending_handle  security_manager.o
    0x00034918   0x00000028   Code   RO         3477    i.params_req_send   security_manager.o
    0x00034940   0x0000001c   Code   RO         2684    i.pdb_evt_send      peer_database.o
    0x0003495c   0x00000090   Code   RO         2685    i.pdb_init          peer_database.o
    0x000349ec   0x0000007c   Code   RO         2686    i.pdb_pds_evt_handler  peer_database.o
    0x00034a68   0x00000006   Code   RO         2687    i.pdb_peer_data_ptr_get  peer_database.o
    0x00034a6e   0x00000002   PAD
    0x00034a70   0x0000008c   Code   RO         2688    i.pdb_peer_free     peer_database.o
    0x00034afc   0x000000dc   Code   RO         2689    i.pdb_write_buf_get  peer_database.o
    0x00034bd8   0x00000014   Code   RO         2690    i.pdb_write_buf_release  peer_database.o
    0x00034bec   0x00000036   Code   RO         2691    i.pdb_write_buf_store  peer_database.o
    0x00034c22   0x00000002   PAD
    0x00034c24   0x00000010   Code   RO         2546    i.pds_evt_send      peer_data_storage.o
    0x00034c34   0x000000dc   Code   RO         2547    i.pds_init          peer_data_storage.o
    0x00034d10   0x00000004   Code   RO         2548    i.pds_next_deleted_peer_id_get  peer_data_storage.o
    0x00034d14   0x00000004   Code   RO         2549    i.pds_next_peer_id_get  peer_data_storage.o
    0x00034d18   0x00000058   Code   RO         2552    i.pds_peer_data_iterate  peer_data_storage.o
    0x00034d70   0x00000010   Code   RO         2553    i.pds_peer_data_iterate_prepare  peer_data_storage.o
    0x00034d80   0x00000072   Code   RO         2554    i.pds_peer_data_read  peer_data_storage.o
    0x00034df2   0x00000002   PAD
    0x00034df4   0x000000a0   Code   RO         2555    i.pds_peer_data_store  peer_data_storage.o
    0x00034e94   0x00000008   Code   RO         2556    i.pds_peer_id_allocate  peer_data_storage.o
    0x00034e9c   0x00000016   Code   RO         2557    i.pds_peer_id_free  peer_data_storage.o
    0x00034eb2   0x00000004   Code   RO         2558    i.pds_peer_id_is_allocated  peer_data_storage.o
    0x00034eb6   0x00000002   PAD
    0x00034eb8   0x0000009c   Code   RO         2560    i.peer_data_delete_process  peer_data_storage.o
    0x00034f54   0x00000030   Code   RO         2561    i.peer_data_find    peer_data_storage.o
    0x00034f84   0x00000024   Code   RO         2562    i.peer_data_id_is_valid  peer_data_storage.o
    0x00034fa8   0x0000001a   Code   RO         2692    i.peer_data_point_to_buffer  peer_database.o
    0x00034fc2   0x00000002   PAD
    0x00034fc4   0x0000000c   Code   RO         2805    i.peer_id_allocate  peer_id.o
    0x00034fd0   0x00000024   Code   RO         2806    i.peer_id_delete    peer_id.o
    0x00034ff4   0x0000001c   Code   RO         2807    i.peer_id_free      peer_id.o
    0x00035010   0x0000000c   Code   RO         2808    i.peer_id_get_next_deleted  peer_id.o
    0x0003501c   0x00000030   Code   RO         2809    i.peer_id_get_next_used  peer_id.o
    0x0003504c   0x0000000c   Code   RO         2810    i.peer_id_init      peer_id.o
    0x00035058   0x00000014   Code   RO         2811    i.peer_id_is_allocated  peer_id.o
    0x0003506c   0x00000014   Code   RO         2812    i.peer_id_is_deleted  peer_id.o
    0x00035080   0x00000084   Code   RO           33    i.peer_manager_init  main.o
    0x00035104   0x00000012   Code   RO         1309    i.phy_is_valid      ble_advertising.o
    0x00035116   0x00000002   PAD
    0x00035118   0x00000018   Code   RO         5464    i.pin_in_use_by_port  nrfx_gpiote.o
    0x00035130   0x00000018   Code   RO         5465    i.pin_in_use_by_te  nrfx_gpiote.o
    0x00035148   0x00000064   Code   RO         3282    i.pm_buffer_block_acquire  pm_buffer.o
    0x000351ac   0x00000024   Code   RO         3283    i.pm_buffer_init    pm_buffer.o
    0x000351d0   0x00000028   Code   RO         3284    i.pm_buffer_ptr_get  pm_buffer.o
    0x000351f8   0x00000032   Code   RO         3285    i.pm_buffer_release  pm_buffer.o
    0x0003522a   0x00000002   PAD
    0x0003522c   0x00000078   Code   RO         2899    i.pm_conn_sec_status_get  peer_manager.o
    0x000352a4   0x0000001c   Code   RO         2900    i.pm_conn_secure    peer_manager.o
    0x000352c0   0x00000020   Code   RO           34    i.pm_evt_handler    main.o
    0x000352e0   0x00000004   Code   RO         2902    i.pm_gcm_evt_handler  peer_manager.o
    0x000352e4   0x0000022c   Code   RO         3190    i.pm_handler_flash_clean  peer_manager_handler.o
    0x00035510   0x0000001c   Code   RO         3191    i.pm_handler_flash_clean_on_return  peer_manager_handler.o
    0x0003552c   0x00000060   Code   RO         3192    i.pm_handler_on_pm_evt  peer_manager_handler.o
    0x0003558c   0x000002dc   Code   RO         3193    i.pm_handler_pm_evt_log  peer_manager_handler.o
    0x00035868   0x00000004   Code   RO         2905    i.pm_im_evt_handler  peer_manager.o
    0x0003586c   0x000001bc   Code   RO         2906    i.pm_init           peer_manager.o
    0x00035a28   0x00000120   Code   RO         2910    i.pm_pdb_evt_handler  peer_manager.o
    0x00035b48   0x00000014   Code   RO         2921    i.pm_peer_delete    peer_manager.o
    0x00035b5c   0x0000011c   Code   RO         2925    i.pm_peer_rank_highest  peer_manager.o
    0x00035c78   0x000000ec   Code   RO         2926    i.pm_peer_ranks_get  peer_manager.o
    0x00035d64   0x00000094   Code   RO         2927    i.pm_peers_delete   peer_manager.o
    0x00035df8   0x0000002c   Code   RO         2930    i.pm_register       peer_manager.o
    0x00035e24   0x00000014   Code   RO         2931    i.pm_sec_params_set  peer_manager.o
    0x00035e38   0x0000000a   Code   RO         2932    i.pm_sm_evt_handler  peer_manager.o
    0x00035e42   0x00000002   PAD
    0x00035e44   0x00000040   Code   RO         3708    i.pnp_id_encode     ble_dis.o
    0x00035e84   0x0000003c   Code   RO         9071    i.postfix_process   nrf_log_str_formatter.o
    0x00035ec0   0x00000098   Code   RO         9072    i.prefix_process    nrf_log_str_formatter.o
    0x00035f58   0x00000018   Code   RO         5732    i.prs_box_get       nrfx_prs.o
    0x00035f70   0x0000001c   Code   RO         7077    i.queue_buf_get     fds.o
    0x00035f8c   0x00000010   Code   RO         7078    i.queue_buf_store   fds.o
    0x00035f9c   0x00000014   Code   RO         7972    i.queue_free        nrf_fstorage_sd.o
    0x00035fb0   0x000000a0   Code   RO         7079    i.queue_process     fds.o
    0x00036050   0x000000a0   Code   RO         7973    i.queue_process     nrf_fstorage_sd.o
    0x000360f0   0x00000066   Code   RO         8239    i.queue_read        nrf_queue.o
    0x00036156   0x00000002   PAD
    0x00036158   0x0000001c   Code   RO         7080    i.queue_start       fds.o
    0x00036174   0x00000024   Code   RO         7974    i.queue_start       nrf_fstorage_sd.o
    0x00036198   0x00000018   Code   RO         8240    i.queue_utilization_get  nrf_queue.o
    0x000361b0   0x0000001c   Code   RO         3196    i.rank_highest      peer_manager_handler.o
    0x000361cc   0x00000028   Code   RO         2935    i.rank_vars_update  peer_manager.o
    0x000361f4   0x0000000e   Code   RO         7975    i.read              nrf_fstorage_sd.o
    0x00036202   0x00000002   PAD
    0x00036204   0x000000b0   Code   RO         2693    i.reattempt_previous_operations  peer_database.o
    0x000362b4   0x00000088   Code   RO         7081    i.record_find       fds.o
    0x0003633c   0x000000a0   Code   RO         7082    i.record_find_by_desc  fds.o
    0x000363dc   0x0000005c   Code   RO         7083    i.record_find_next  fds.o
    0x00036438   0x00000038   Code   RO         7084    i.record_header_flag_dirty  fds.o
    0x00036470   0x00000010   Code   RO         2814    i.release           peer_id.o
    0x00036480   0x00000022   Code   RO         4943    i.result_get        nrf_hw_backend_rng_mbedtls.o
    0x000364a2   0x00000004   Code   RO         7976    i.rmap              nrf_fstorage_sd.o
    0x000364a6   0x00000002   PAD
    0x000364a8   0x0000003c   Code   RO         6795    i.rtc1_stop         app_timer.o
    0x000364e4   0x00000032   Code   RO         5869    i.rx_byte           nrfx_uart.o
    0x00036516   0x00000016   Code   RO         5870    i.rx_done_event     nrfx_uart.o
    0x0003652c   0x00000018   Code   RO         6056    i.rx_done_event     nrfx_uarte.o
    0x00036544   0x00000020   Code   RO         5871    i.rx_enable         nrfx_uart.o
    0x00036564   0x0000004c   Code   RO           35    i.saadc_callback    main.o
    0x000365b0   0x00000074   Code   RO           36    i.saadc_init        main.o
    0x00036624   0x00000014   Code   RO           37    i.saadc_interval_timeout_handler  main.o
    0x00036638   0x00000024   Code   RO         1697    i.sc_send_pending_handle  gatt_cache_manager.o
    0x0003665c   0x00000050   Code   RO         5032    i.sd_state_evt_handler  nrf_drv_clock.o
    0x000366ac   0x00000050   Code   RO         5169    i.sd_state_evt_handler  nrf_drv_rng.o
    0x000366fc   0x00000030   Code   RO         9485    i.sdh_request_observer_notify  nrf_sdh.o
    0x0003672c   0x0000002c   Code   RO         9486    i.sdh_state_observer_notify  nrf_sdh.o
    0x00036758   0x000000b4   Code   RO         3338    i.sec_info_request_process  security_dispatcher.o
    0x0003680c   0x000000f4   Code   RO         3339    i.sec_keyset_fill   security_dispatcher.o
    0x00036900   0x00000076   Code   RO         3478    i.sec_params_verify  security_manager.o
    0x00036976   0x00000002   PAD
    0x00036978   0x00000060   Code   RO         3340    i.sec_proc_start    security_dispatcher.o
    0x000369d8   0x00000022   Code   RO         3341    i.send_config_req   security_dispatcher.o
    0x000369fa   0x00000002   PAD
    0x000369fc   0x00000010   Code   RO         1398    i.send_error_evt    ble_conn_params.o
    0x00036a0c   0x00000028   Code   RO         1698    i.send_unexpected_error  gatt_cache_manager.o
    0x00036a34   0x00000028   Code   RO         3342    i.send_unexpected_error  security_dispatcher.o
    0x00036a5c   0x000000a0   Code   RO           38    i.sensor_contact_detected_timeout_handler  main.o
    0x00036afc   0x000001e8   Code   RO           39    i.sensor_data_timeout_handler  main.o
    0x00036ce4   0x0000001c   Code   RO         8466    i.sensorsim_decrement  sensorsim.o
    0x00036d00   0x0000001c   Code   RO         8467    i.sensorsim_increment  sensorsim.o
    0x00036d1c   0x00000016   Code   RO         8468    i.sensorsim_init    sensorsim.o
    0x00036d32   0x0000001a   Code   RO         8469    i.sensorsim_measure  sensorsim.o
    0x00036d4c   0x00000050   Code   RO         8732    i.serial_tx         nrf_log_backend_rtt.o
    0x00036d9c   0x00000014   Code   RO         1699    i.service_changed_pending_flags_check  gatt_cache_manager.o
    0x00036db0   0x00000044   Code   RO         1845    i.service_changed_pending_set  gatts_cache_manager.o
    0x00036df4   0x000000f4   Code   RO         1700    i.service_changed_send_in_evt  gatt_cache_manager.o
    0x00036ee8   0x00000088   Code   RO         1202    i.service_data_encode  ble_advdata.o
    0x00036f70   0x00000114   Code   RO           40    i.services_init     main.o
    0x00037084   0x00000030   Code   RO         1630    i.set_security_req  ble_srv_common.o
    0x000370b4   0x0000007c   Code   RO         8159    i.shutdown_process  nrf_pwr_mgmt.o
    0x00037130   0x00000044   Code   RO           41    i.sleep_mode_enter  main.o
    0x00037174   0x000000a4   Code   RO        10040    i.slice_drv_mma8451_init  mma8451.o
    0x00037218   0x00000068   Code   RO        10041    i.slice_drv_mma8451_read  mma8451.o
    0x00037280   0x00000024   Code   RO          684    i.slice_sm_button_init  slice_sm_button.o
    0x000372a4   0x00000038   Code   RO          685    i.slice_sm_button_on_app_button_evt  slice_sm_button.o
    0x000372dc   0x00000034   Code   RO         3479    i.sm_ble_evt_handler  security_manager.o
    0x00037310   0x00000060   Code   RO         3481    i.sm_init           security_manager.o
    0x00037370   0x0000000a   Code   RO         3483    i.sm_link_secure    security_manager.o
    0x0003737a   0x00000002   PAD
    0x0003737c   0x00000044   Code   RO         3484    i.sm_pdb_evt_handler  security_manager.o
    0x000373c0   0x00000034   Code   RO         3486    i.sm_sec_params_set  security_manager.o
    0x000373f4   0x00000060   Code   RO         3487    i.sm_smd_evt_handler  security_manager.o
    0x00037454   0x00000104   Code   RO         3343    i.smd_ble_evt_handler  security_dispatcher.o
    0x00037558   0x00000070   Code   RO         3345    i.smd_init          security_dispatcher.o
    0x000375c8   0x00000028   Code   RO         3346    i.smd_link_secure   security_dispatcher.o
    0x000375f0   0x000000bc   Code   RO         3347    i.smd_params_reply  security_dispatcher.o
    0x000376ac   0x0000003c   Code   RO         3488    i.smd_params_reply_perform  security_manager.o
    0x000376e8   0x00000018   Code   RO         5033    i.soc_evt_handler   nrf_drv_clock.o
    0x00037700   0x00000078   Code   RO         9487    i.softdevice_evt_irq_disable  nrf_sdh.o
    0x00037778   0x00000098   Code   RO         9488    i.softdevices_evt_irq_enable  nrf_sdh.o
    0x00037810   0x00000068   Code   RO           42    i.start_all         main.o
    0x00037878   0x0000008c   Code   RO         8907    i.std_n             nrf_log_frontend.o
    0x00037904   0x00000058   Code   RO         1701    i.store_car_value   gatt_cache_manager.o
    0x0003795c   0x00000098   Code   RO           43    i.switch_timeout_handler  main.o
    0x000379f4   0x00000050   Code   RO         3709    i.sys_id_encode     ble_dis.o
    0x00037a44   0x00000080   Code   RO         6796    i.timer_list_handler  app_timer.o
    0x00037ac4   0x0000003c   Code   RO         6797    i.timer_list_insert  app_timer.o
    0x00037b00   0x00000060   Code   RO         6798    i.timer_list_remove  app_timer.o
    0x00037b60   0x00000028   Code   RO          686    i.timer_start       slice_sm_button.o
    0x00037b88   0x00000024   Code   RO          687    i.timer_stop        slice_sm_button.o
    0x00037bac   0x00000048   Code   RO         6799    i.timer_stop_op_schedule  app_timer.o
    0x00037bf4   0x00000074   Code   RO         6800    i.timer_timeouts_check  app_timer.o
    0x00037c68   0x000000dc   Code   RO           44    i.timers_init       main.o
    0x00037d44   0x000000aa   Code   RO         6195    i.twi_clear_bus     nrf_drv_twi.o
    0x00037dee   0x00000002   PAD
    0x00037df0   0x00000048   Code   RO        10119    i.twi_handler       twi.o
    0x00037e38   0x0000003c   Code   RO        10120    i.twi_init          twi.o
    0x00037e74   0x000000e0   Code   RO        10121    i.twi_transfer      twi.o
    0x00037f54   0x00000040   Code   RO         6196    i.twim_evt_handler  nrf_drv_twi.o
    0x00037f94   0x0000014c   Code   RO         6297    i.twim_irq_handler  nrfx_twim.o
    0x000380e0   0x00000238   Code   RO         6298    i.twim_xfer         nrfx_twim.o
    0x00038318   0x00000020   Code   RO         5872    i.tx_byte           nrfx_uart.o
    0x00038338   0x0000001a   Code   RO         5873    i.tx_done_event     nrfx_uart.o
    0x00038352   0x00000002   PAD
    0x00038354   0x000000c4   Code   RO           45    i.uart_event_handle  main.o
    0x00038418   0x000000a0   Code   RO         8579    i.uart_event_handler  app_uart_fifo.o
    0x000384b8   0x00000030   Code   RO         5241    i.uart_evt_handler  nrf_drv_uart.o
    0x000384e8   0x00000128   Code   RO         5874    i.uart_irq_handler  nrfx_uart.o
    0x00038610   0x00000030   Code   RO         5242    i.uarte_evt_handler  nrf_drv_uart.o
    0x00038640   0x000000f4   Code   RO         6057    i.uarte_irq_handler  nrfx_uarte.o
    0x00038734   0x0000000a   Code   RO         1203    i.uint16_encode     ble_advdata.o
    0x0003873e   0x00000002   PAD
    0x00038740   0x00000020   Code   RO         7977    i.uninit            nrf_fstorage_sd.o
    0x00038760   0x000000b4   Code   RO         7841    i.unsigned_print    nrf_fprintf_format.o
    0x00038814   0x00000030   Code   RO         1702    i.update_pending_flags_check  gatt_cache_manager.o
    0x00038844   0x00000050   Code   RO         1399    i.update_timeout_handler  ble_conn_params.o
    0x00038894   0x00000018   Code   RO         1310    i.use_whitelist     ble_advertising.o
    0x000388ac   0x0000000c   Code   RO         1484    i.user_flag_is_acquired  ble_conn_state.o
    0x000388b8   0x00000024   Code   RO         2506    i.user_mem_reply    nrf_ble_qwr.o
    0x000388dc   0x00000030   Code   RO         6801    i.user_op_alloc     app_timer.o
    0x0003890c   0x00000030   Code   RO         1204    i.uuid_list_encode  ble_advdata.o
    0x0003893c   0x0000009e   Code   RO         1205    i.uuid_list_sized_encode  ble_advdata.o
    0x000389da   0x0000003a   Code   RO          904    i.wakeup_button_cfg  bsp.o
    0x00038a14   0x00000004   Code   RO         7978    i.wmap              nrf_fstorage_sd.o
    0x00038a18   0x00000050   Code   RO         7979    i.write             nrf_fstorage_sd.o
    0x00038a68   0x0000014c   Code   RO         2694    i.write_buf_store   peer_database.o
    0x00038bb4   0x00000034   Code   RO         2695    i.write_buffer_record_find  peer_database.o
    0x00038be8   0x00000030   Code   RO         2696    i.write_buffer_record_find_next  peer_database.o
    0x00038c18   0x0000001c   Code   RO         2697    i.write_buffer_record_invalidate  peer_database.o
    0x00038c34   0x0000002c   Code   RO         2698    i.write_buffer_record_release  peer_database.o
    0x00038c60   0x000000e8   Code   RO         7086    i.write_enqueue     fds.o
    0x00038d48   0x000000f4   Code   RO         7087    i.write_execute     fds.o
    0x00038e3c   0x00000018   Code   RO         7088    i.write_space_free  fds.o
    0x00038e54   0x0000005c   Code   RO         7089    i.write_space_reserve  fds.o
    0x00038eb0   0x0000005c   Data   RO           55    .constdata          main.o
    0x00038f0c   0x00000004   Data   RO          689    .constdata          slice_sm_button.o
    0x00038f10   0x00000008   Data   RO          801    .constdata          boards.o
    0x00038f18   0x0000002c   Data   RO          909    .constdata          bsp.o
    0x00038f44   0x00000004   Data   RO         1127    .constdata          auth_status_tracker.o
    0x00038f48   0x00000074   Data   RO         1703    .constdata          gatt_cache_manager.o
    0x00038fbc   0x00000004   Data   RO         1846    .constdata          gatts_cache_manager.o
    0x00038fc0   0x00000010   Data   RO         1847    .constdata          gatts_cache_manager.o
    0x00038fd0   0x00000004   Data   RO         1848    .constdata          gatts_cache_manager.o
    0x00038fd4   0x00000008   Data   RO         1945    .constdata          id_manager.o
    0x00038fdc   0x00000016   Data   RO         2098    .constdata          nrf_ble_gatt.o
    0x00038ff2   0x00000002   PAD
    0x00038ff4   0x0000001c   Data   RO         2563    .constdata          peer_data_storage.o
    0x00039010   0x00000010   Data   RO         2700    .constdata          peer_database.o
    0x00039020   0x0000002c   Data   RO         2937    .constdata          peer_manager.o
    0x0003904c   0x00000018   Data   RO         3197    .constdata          peer_manager_handler.o
    0x00039064   0x0000008c   Data   RO         3349    .constdata          security_dispatcher.o
    0x000390f0   0x00000004   Data   RO         3489    .constdata          security_manager.o
    0x000390f4   0x00000010   Data   RO         3830    .constdata          ble_nus.o
    0x00039104   0x0000006c   Data   RO         3986    .constdata          nrf_crypto_ecc.o
    0x00039170   0x0000000c   Data   RO         4074    .constdata          nrf_crypto_ecdh.o
    0x0003917c   0x0000000c   Data   RO         4580    .constdata          oberon_backend_ecc.o
    0x00039188   0x00000040   Data   RO         4583    .constdata          oberon_backend_ecc.o
    0x000391c8   0x00000002   Data   RO         5172    .constdata          nrf_drv_rng.o
    0x000391ca   0x00000002   PAD
    0x000391cc   0x00000004   Data   RO         5467    .constdata          nrfx_gpiote.o
    0x000391d0   0x00000004   Data   RO         5877    .constdata          nrfx_uart.o
    0x000391d4   0x00000004   Data   RO         6060    .constdata          nrfx_uarte.o
    0x000391d8   0x00000008   PAD
    0x000391e0   0x00000006   Data   RO         6197    .constdata          nrf_drv_twi.o
    0x000391e6   0x00000002   PAD
    0x000391e8   0x00000018   Data   RO         6301    .constdata          nrfx_twim.o
    0x00039200   0x00000008   Data   RO         6577    .constdata          app_button.o
    0x00039208   0x00000008   PAD
    0x00039210   0x00000006   Data   RO         6803    .constdata          app_timer.o
    0x00039216   0x00000002   PAD
    0x00039218   0x00000018   Data   RO         7092    .constdata          fds.o
    0x00039230   0x00000010   Data   RO         7842    .constdata          nrf_fprintf_format.o
    0x00039240   0x0000005e   Data   RO         7888    .constdata          nrf_fstorage.o
    0x0003929e   0x00000002   PAD
    0x000392a0   0x00000010   Data   RO         7982    .constdata          nrf_fstorage_sd.o
    0x000392b0   0x00000020   Data   RO         7983    .constdata          nrf_fstorage_sd.o
    0x000392d0   0x00000018   Data   RO         8161    .constdata          nrf_pwr_mgmt.o
    0x000392e8   0x0000000c   Data   RO         8162    .constdata          nrf_pwr_mgmt.o
    0x000392f4   0x0000013c   Data   RO         8438    .constdata          nrf_strerror.o
    0x00039430   0x00000020   Data   RO         8581    .constdata          app_uart_fifo.o
    0x00039450   0x0000000c   Data   RO         8734    .constdata          nrf_log_backend_rtt.o
    0x0003945c   0x00000004   PAD
    0x00039460   0x00000006   Data   RO         8735    .constdata          nrf_log_backend_rtt.o
    0x00039466   0x00000002   PAD
    0x00039468   0x0000000c   Data   RO         8912    .constdata          nrf_log_frontend.o
    0x00039474   0x00000010   Data   RO         9489    .constdata          nrf_sdh.o
    0x00039484   0x00000028   Data   RO         9490    .constdata          nrf_sdh.o
    0x000394ac   0x00000010   Data   RO         9491    .constdata          nrf_sdh.o
    0x000394bc   0x00000010   Data   RO         9492    .constdata          nrf_sdh.o
    0x000394cc   0x00000020   Data   RO         9600    .constdata          nrf_sdh_ble.o
    0x000394ec   0x00000010   Data   RO         9601    .constdata          nrf_sdh_ble.o
    0x000394fc   0x00000010   Data   RO         9651    .constdata          nrf_sdh_soc.o
    0x0003950c   0x0000000c   Data   RO         9652    .constdata          nrf_sdh_soc.o
    0x00039518   0x00002228   Data   RO         9693    .constdata          aes.o
    0x0003b740   0x00000006   Data   RO         9876    .constdata          afe4409.o
    0x0003b746   0x00000002   PAD
    0x0003b748   0x00000003   Data   RO        10042    .constdata          mma8451.o
    0x0003b74b   0x00000001   PAD
    0x0003b74c   0x00000020   Data   RO        10122    .constdata          twi.o
    0x0003b76c   0x00000010   Data   RO        10191    .constdata          ble_dfu.o
    0x0003b77c   0x00000081   Data   RO        10613    .constdata          mc_w.l(ctype_o.o)
    0x0003b7fd   0x00000003   PAD
    0x0003b800   0x00000004   Data   RO        10614    .constdata          mc_w.l(ctype_o.o)
    0x0003b804   0x0000009a   Data   RO           56    .conststring        main.o
    0x0003b89e   0x00000002   PAD
    0x0003b8a0   0x0000004e   Data   RO         1128    .conststring        auth_status_tracker.o
    0x0003b8ee   0x00000002   PAD
    0x0003b8f0   0x000001a4   Data   RO         1704    .conststring        gatt_cache_manager.o
    0x0003ba94   0x00000144   Data   RO         1849    .conststring        gatts_cache_manager.o
    0x0003bbd8   0x000000a2   Data   RO         2099    .conststring        nrf_ble_gatt.o
    0x0003bc7a   0x00000002   PAD
    0x0003bc7c   0x00000042   Data   RO         2197    .conststring        nrf_ble_lesc.o
    0x0003bcbe   0x00000002   PAD
    0x0003bcc0   0x000000e8   Data   RO         2564    .conststring        peer_data_storage.o
    0x0003bda8   0x00000180   Data   RO         2701    .conststring        peer_database.o
    0x0003bf28   0x00000090   Data   RO         2938    .conststring        peer_manager.o
    0x0003bfb8   0x00000312   Data   RO         3198    .conststring        peer_manager_handler.o
    0x0003c2ca   0x00000002   PAD
    0x0003c2cc   0x000001f2   Data   RO         3350    .conststring        security_dispatcher.o
    0x0003c4be   0x00000002   PAD
    0x0003c4c0   0x0000017b   Data   RO         3490    .conststring        security_manager.o
    0x0003c63b   0x00000001   PAD
    0x0003c63c   0x00000041   Data   RO         3710    .conststring        ble_dis.o
    0x0003c67d   0x00000003   PAD
    0x0003c680   0x0000004f   Data   RO         7889    .conststring        nrf_fstorage.o
    0x0003c6cf   0x00000001   PAD
    0x0003c6d0   0x000003eb   Data   RO         8439    .conststring        nrf_strerror.o
    0x0003cabb   0x00000001   PAD
    0x0003cabc   0x00000066   Data   RO         9073    .conststring        nrf_log_str_formatter.o
    0x0003cb22   0x00000002   PAD
    0x0003cb24   0x000001cf   Data   RO         9602    .conststring        nrf_sdh_ble.o
    0x0003ccf3   0x00000001   PAD
    0x0003ccf4   0x000000ce   Data   RO        10280    .conststring        ble_dfu_unbonded.o
    0x0003cdc2   0x00000002   PAD
    0x0003cdc4   0x00000011   Data   RO         1129    .conststrlit        auth_status_tracker.o
    0x0003cdd5   0x00000003   PAD
    0x0003cdd8   0x00000011   Data   RO         1705    .conststrlit        gatt_cache_manager.o
    0x0003cde9   0x00000003   PAD
    0x0003cdec   0x00000012   Data   RO         1850    .conststrlit        gatts_cache_manager.o
    0x0003cdfe   0x00000002   PAD
    0x0003ce00   0x00000010   Data   RO         1947    .conststrlit        id_manager.o
    0x0003ce10   0x0000000d   Data   RO         2100    .conststrlit        nrf_ble_gatt.o
    0x0003ce1d   0x00000003   PAD
    0x0003ce20   0x0000000d   Data   RO         2198    .conststrlit        nrf_ble_lesc.o
    0x0003ce2d   0x00000003   PAD
    0x0003ce30   0x00000011   Data   RO         2565    .conststrlit        peer_data_storage.o
    0x0003ce41   0x00000003   PAD
    0x0003ce44   0x00000011   Data   RO         2702    .conststrlit        peer_database.o
    0x0003ce55   0x00000003   PAD
    0x0003ce58   0x0000000d   Data   RO         2939    .conststrlit        peer_manager.o
    0x0003ce65   0x00000003   PAD
    0x0003ce68   0x00000015   Data   RO         3200    .conststrlit        peer_manager_handler.o
    0x0003ce7d   0x00000003   PAD
    0x0003ce80   0x00000011   Data   RO         3351    .conststrlit        security_dispatcher.o
    0x0003ce91   0x00000003   PAD
    0x0003ce94   0x00000010   Data   RO         3491    .conststrlit        security_manager.o
    0x0003cea4   0x00000008   Data   RO         3652    .conststrlit        ble_bas.o
    0x0003ceac   0x00000008   Data   RO         3831    .conststrlit        ble_nus.o
    0x0003ceb4   0x00000006   Data   RO         5039    .conststrlit        nrf_drv_clock.o
    0x0003ceba   0x00000002   PAD
    0x0003cebc   0x00000004   Data   RO         5175    .conststrlit        nrf_drv_rng.o
    0x0003cec0   0x00000006   Data   RO         5309    .conststrlit        nrfx_clock.o
    0x0003cec6   0x00000002   PAD
    0x0003cec8   0x00000007   Data   RO         5471    .conststrlit        nrfx_gpiote.o
    0x0003cecf   0x00000001   PAD
    0x0003ced0   0x00000004   Data   RO         5734    .conststrlit        nrfx_prs.o
    0x0003ced4   0x00000004   Data   RO         5788    .conststrlit        nrfx_rng.o
    0x0003ced8   0x00000005   Data   RO         5880    .conststrlit        nrfx_uart.o
    0x0003cedd   0x00000003   PAD
    0x0003cee0   0x00000006   Data   RO         6063    .conststrlit        nrfx_uarte.o
    0x0003cee6   0x00000002   PAD
    0x0003cee8   0x00000005   Data   RO         6304    .conststrlit        nrfx_twim.o
    0x0003ceed   0x00000003   PAD
    0x0003cef0   0x00000006   Data   RO         6449    .conststrlit        nrfx_saadc.o
    0x0003cef6   0x00000002   PAD
    0x0003cef8   0x00000009   Data   RO         7391    .conststrlit        mem_manager.o
    0x0003cf01   0x00000003   PAD
    0x0003cf04   0x0000000d   Data   RO         7890    .conststrlit        nrf_fstorage.o
    0x0003cf11   0x00000003   PAD
    0x0003cf14   0x00000009   Data   RO         8163    .conststrlit        nrf_pwr_mgmt.o
    0x0003cf1d   0x00000003   PAD
    0x0003cf20   0x00000010   Data   RO         8847    .conststrlit        nrf_log_default_backends.o
    0x0003cf30   0x00000004   Data   RO         8913    .conststrlit        nrf_log_frontend.o
    0x0003cf34   0x00000008   Data   RO         9493    .conststrlit        nrf_sdh.o
    0x0003cf3c   0x0000000c   Data   RO         9603    .conststrlit        nrf_sdh_ble.o
    0x0003cf48   0x0000000c   Data   RO         9653    .conststrlit        nrf_sdh_soc.o
    0x0003cf54   0x00000020   Data   RO        10451    .rodata.base        oberon_short_wchar_2.0.5.lib(occ_curve25519.c.obj)
    0x0003cf74   0x00000040   Data   RO        10555    .rodata.base_point  oberon_short_wchar_2.0.5.lib(occ_curve_p256.c.obj)
    0x0003cfb4   0x00000004   PAD
    0x0003cfb8   0x00000280   Data   RO        10479    .rodata.const_table  oberon_short_wchar_2.0.5.lib(occ_sha512.c.obj)
    0x0003d238   0x00000020   Data   RO        10556    .rodata.cq          oberon_short_wchar_2.0.5.lib(occ_curve_p256.c.obj)
    0x0003d258   0x00000020   Data   RO        10531    .rodata.m           oberon_short_wchar_2.0.5.lib(occ_sc25519.c.obj)
    0x0003d278   0x00000640   Data   RO        10500    .rodata.occ_ge25519_base_multiples  oberon_short_wchar_2.0.5.lib(occ_ge25519.c.obj)
    0x0003d8b8   0x00000020   Data   RO        10501    .rodata.occ_ge25519_ec2d  oberon_short_wchar_2.0.5.lib(occ_ge25519.c.obj)
    0x0003d8d8   0x00000020   Data   RO        10557    .rodata.param_a     oberon_short_wchar_2.0.5.lib(occ_curve_p256.c.obj)
    0x0003d8f8   0x00000020   Data   RO        10558    .rodata.param_b     oberon_short_wchar_2.0.5.lib(occ_curve_p256.c.obj)
    0x0003d918   0x00000020   Data   RO        10581    .rodata.q           oberon_short_wchar_2.0.5.lib(occ_sc_p256.c.obj)
    0x0003d938   0x00000020   Data   RO        10559    .rodata.qp1         oberon_short_wchar_2.0.5.lib(occ_curve_p256.c.obj)
    0x0003d958   0x00000020   Data   RO        10686    Region$$Table       anon$$obj.o
    0x0003d978   0x00000008   Data   RO         4891    crypto_data         nrf_hw_backend_init.o
    0x0003d980   0x00000010   Data   RO         8849    log_backends        nrf_log_default_backends.o
    0x0003d990   0x00000008   Data   RO         1131    log_const_data      auth_status_tracker.o
    0x0003d998   0x00000008   Data   RO         1707    log_const_data      gatt_cache_manager.o
    0x0003d9a0   0x00000008   Data   RO         1852    log_const_data      gatts_cache_manager.o
    0x0003d9a8   0x00000008   Data   RO         1949    log_const_data      id_manager.o
    0x0003d9b0   0x00000008   Data   RO         2101    log_const_data      nrf_ble_gatt.o
    0x0003d9b8   0x00000008   Data   RO         2200    log_const_data      nrf_ble_lesc.o
    0x0003d9c0   0x00000008   Data   RO         2567    log_const_data      peer_data_storage.o
    0x0003d9c8   0x00000008   Data   RO         2704    log_const_data      peer_database.o
    0x0003d9d0   0x00000008   Data   RO         2941    log_const_data      peer_manager.o
    0x0003d9d8   0x00000008   Data   RO         3203    log_const_data      peer_manager_handler.o
    0x0003d9e0   0x00000008   Data   RO         3353    log_const_data      security_dispatcher.o
    0x0003d9e8   0x00000008   Data   RO         3493    log_const_data      security_manager.o
    0x0003d9f0   0x00000008   Data   RO         3653    log_const_data      ble_bas.o
    0x0003d9f8   0x00000008   Data   RO         3832    log_const_data      ble_nus.o
    0x0003da00   0x00000008   Data   RO         5040    log_const_data      nrf_drv_clock.o
    0x0003da08   0x00000008   Data   RO         5177    log_const_data      nrf_drv_rng.o
    0x0003da10   0x00000008   Data   RO         5311    log_const_data      nrfx_clock.o
    0x0003da18   0x00000008   Data   RO         5472    log_const_data      nrfx_gpiote.o
    0x0003da20   0x00000008   Data   RO         5736    log_const_data      nrfx_prs.o
    0x0003da28   0x00000008   Data   RO         5790    log_const_data      nrfx_rng.o
    0x0003da30   0x00000008   Data   RO         5881    log_const_data      nrfx_uart.o
    0x0003da38   0x00000008   Data   RO         6064    log_const_data      nrfx_uarte.o
    0x0003da40   0x00000008   Data   RO         6305    log_const_data      nrfx_twim.o
    0x0003da48   0x00000008   Data   RO         6450    log_const_data      nrfx_saadc.o
    0x0003da50   0x00000008   Data   RO         7393    log_const_data      mem_manager.o
    0x0003da58   0x00000008   Data   RO         7891    log_const_data      nrf_fstorage.o
    0x0003da60   0x00000008   Data   RO         8165    log_const_data      nrf_pwr_mgmt.o
    0x0003da68   0x00000008   Data   RO         8916    log_const_data      nrf_log_frontend.o
    0x0003da70   0x00000008   Data   RO         9495    log_const_data      nrf_sdh.o
    0x0003da78   0x00000008   Data   RO         9605    log_const_data      nrf_sdh_ble.o
    0x0003da80   0x00000008   Data   RO         9654    log_const_data      nrf_sdh_soc.o
    0x0003da88   0x00000014   Data   RO         8917    nrf_balloc          nrf_log_frontend.o
    0x0003da9c   0x00000014   Data   RO         5178    nrf_queue           nrf_drv_rng.o
    0x0003dab0   0x00000004   Data   RO           61    pwr_mgmt_data0      main.o
    0x0003dab4   0x00000008   Data   RO         1486    sdh_ble_observers0  ble_conn_state.o
    0x0003dabc   0x00000010   Data   RO           62    sdh_ble_observers1  main.o
    0x0003dacc   0x00000008   Data   RO         1012    sdh_ble_observers1  bsp_btn_ble.o
    0x0003dad4   0x00000008   Data   RO         1402    sdh_ble_observers1  ble_conn_params.o
    0x0003dadc   0x00000008   Data   RO         2942    sdh_ble_observers1  peer_manager.o
    0x0003dae4   0x00000020   Data   RO           63    sdh_ble_observers2  main.o
    0x0003db04   0x00000008   Data   RO        10192    sdh_ble_observers2  ble_dfu.o
    0x0003db0c   0x00000008   Data   RO           64    sdh_ble_observers3  main.o
    0x0003db14   0x00000008   Data   RO         7985    sdh_req_observers0  nrf_fstorage_sd.o
    0x0003db1c   0x00000008   Data   RO         5041    sdh_soc_observers0  nrf_drv_clock.o
    0x0003db24   0x00000008   Data   RO         7986    sdh_soc_observers0  nrf_fstorage_sd.o
    0x0003db2c   0x00000008   Data   RO           65    sdh_soc_observers1  main.o
    0x0003db34   0x00000008   Data   RO        10282    sdh_soc_observers1  ble_dfu_unbonded.o
    0x0003db3c   0x00000008   Data   RO         9606    sdh_stack_observers0  nrf_sdh_ble.o
    0x0003db44   0x00000008   Data   RO         9655    sdh_stack_observers0  nrf_sdh_soc.o
    0x0003db4c   0x00000008   Data   RO           66    sdh_state_observers0  main.o
    0x0003db54   0x00000008   Data   RO         5042    sdh_state_observers0  nrf_drv_clock.o
    0x0003db5c   0x00000008   Data   RO         5179    sdh_state_observers0  nrf_drv_rng.o
    0x0003db64   0x00000008   Data   RO         7987    sdh_state_observers0  nrf_fstorage_sd.o


    Execution Region RW_IRAM1 (Base: 0x20002ba8, Size: 0x000047d8, Max: 0x0000d458, ABSOLUTE, COMPRESSED[0x000002d8])

    Base Addr    Size         Type   Attr      Idx    E Section Name        Object

    0x20002ba8   0x0000007c   Data   RW           57    .data               main.o
    0x20002c24   0x00000008   Data   RW           58    .data               main.o
    0x20002c2c   0x00000004   Data   RW           60    .data               main.o
    0x20002c30   0x0000000c   Data   RW          690    .data               slice_sm_button.o
    0x20002c3c   0x00000010   Data   RW          910    .data               bsp.o
    0x20002c4c   0x00000008   Data   RW         1011    .data               bsp_btn_ble.o
    0x20002c54   0x00000004   Data   RW         1130    .data               auth_status_tracker.o
    0x20002c58   0x00000008   Data   RW         1401    .data               ble_conn_params.o
    0x20002c60   0x00000010   Data   RW         1706    .data               gatt_cache_manager.o
    0x20002c70   0x00000006   Data   RW         1851    .data               gatts_cache_manager.o
    0x20002c76   0x00000002   PAD
    0x20002c78   0x0000000c   Data   RW         2199    .data               nrf_ble_lesc.o
    0x20002c84   0x0000000c   Data   RW         2566    .data               peer_data_storage.o
    0x20002c90   0x00000008   Data   RW         2703    .data               peer_database.o
    0x20002c98   0x00000010   Data   RW         2940    .data               peer_manager.o
    0x20002ca8   0x00000060   Data   RW         3201    .data               peer_manager_handler.o
    0x20002d08   0x00000005   Data   RW         3352    .data               security_dispatcher.o
    0x20002d0d   0x00000003   PAD
    0x20002d10   0x00000011   Data   RW         3492    .data               security_manager.o
    0x20002d21   0x00000001   PAD
    0x20002d22   0x0000004a   Data   RW         3711    .data               ble_dis.o
    0x20002d6c   0x00000001   Data   RW         4359    .data               nrf_crypto_init.o
    0x20002d6d   0x00000003   PAD
    0x20002d70   0x0000000c   Data   RW         4413    .data               nrf_crypto_rng.o
    0x20002d7c   0x00000003   Data   RW         5176    .data               nrf_drv_rng.o
    0x20002d7f   0x00000001   PAD
    0x20002d80   0x0000000c   Data   RW         5243    .data               nrf_drv_uart.o
    0x20002d8c   0x00000008   Data   RW         5310    .data               nrfx_clock.o
    0x20002d94   0x00000008   Data   RW         5735    .data               nrfx_prs.o
    0x20002d9c   0x00000008   Data   RW         5789    .data               nrfx_rng.o
    0x20002da4   0x00000010   Data   RW         6198    .data               nrf_drv_twi.o
    0x20002db4   0x00000004   PAD
    0x20002db8   0x00000020   Data   RW         6578    .data               app_button.o
    0x20002dd8   0x00000014   Data   RW         6804    .data               app_timer.o
    0x20002dec   0x00000030   Data   RW         7093    .data               fds.o
    0x20002e1c   0x00000008   Data   RW         7984    .data               nrf_fstorage_sd.o
    0x20002e24   0x00000008   Data   RW         8164    .data               nrf_pwr_mgmt.o
    0x20002e2c   0x0000001c   Data   RW         8582    .data               app_uart_fifo.o
    0x20002e48   0x00000001   Data   RW         8736    .data               nrf_log_backend_rtt.o
    0x20002e49   0x00000003   PAD
    0x20002e4c   0x00000008   Data   RW         8848    .data               nrf_log_default_backends.o
    0x20002e54   0x00000008   Data   RW         8914    .data               nrf_log_frontend.o
    0x20002e5c   0x00000008   Data   RW         8915    .data               nrf_log_frontend.o
    0x20002e64   0x00000040   Data   RW         9074    .data               nrf_log_str_formatter.o
    0x20002ea4   0x00000003   Data   RW         9494    .data               nrf_sdh.o
    0x20002ea7   0x00000001   Data   RW         9604    .data               nrf_sdh_ble.o
    0x20002ea8   0x00000740   Data   RW         9877    .data               afe4409.o
    0x200035e8   0x00000006   Data   RW        10043    .data               mma8451.o
    0x200035ee   0x00000003   Data   RW        10123    .data               twi.o
    0x200035f1   0x00000003   PAD
    0x200035f4   0x00000004   Data   RW        10281    .data               ble_dfu_unbonded.o
    0x200035f8   0x00000004   Data   RW        10372    .data               system_nrf52.o
    0x200035fc   0x00000020   Data   RW        10554    .data.inv_a         oberon_short_wchar_2.0.5.lib(occ_curve_p256.c.obj)
    0x2000361c   0x00000014   Data   RW         7094    fs_data             fds.o
    0x20003630   0x00000020   Zero   RW           46    .bss                main.o
    0x20003650   0x00000020   Zero   RW           47    .bss                main.o
    0x20003670   0x00000020   Zero   RW           48    .bss                main.o
    0x20003690   0x00000020   Zero   RW           49    .bss                main.o
    0x200036b0   0x00000020   Zero   RW           50    .bss                main.o
    0x200036d0   0x00000020   Zero   RW           51    .bss                main.o
    0x200036f0   0x00000020   Zero   RW           52    .bss                main.o
    0x20003710   0x00000020   Zero   RW           53    .bss                main.o
    0x20003730   0x000007b6   Zero   RW           54    .bss                main.o
    0x20003ee6   0x00000002   PAD
    0x20003ee8   0x00000020   Zero   RW          688    .bss                slice_sm_button.o
    0x20003f08   0x00000020   Zero   RW          905    .bss                bsp.o
    0x20003f28   0x00000020   Zero   RW          906    .bss                bsp.o
    0x20003f48   0x0000000c   Zero   RW          907    .bss                bsp.o
    0x20003f54   0x00000020   Zero   RW          908    .bss                bsp.o
    0x20003f74   0x00000020   Zero   RW         1125    .bss                auth_status_tracker.o
    0x20003f94   0x000000a0   Zero   RW         1126    .bss                auth_status_tracker.o
    0x20004034   0x00000050   Zero   RW         1400    .bss                ble_conn_params.o
    0x20004084   0x00000078   Zero   RW         1485    .bss                ble_conn_state.o
    0x200040fc   0x000000d8   Zero   RW         1944    .bss                id_manager.o
    0x200041d4   0x0000013c   Zero   RW         2196    .bss                nrf_ble_lesc.o
    0x20004310   0x00000180   Zero   RW         2699    .bss                peer_database.o
    0x20004490   0x00000040   Zero   RW         2815    .bss                peer_id.o
    0x200044d0   0x0000000c   Zero   RW         2936    .bss                peer_manager.o
    0x200044dc   0x00000040   Zero   RW         3348    .bss                security_dispatcher.o
    0x2000451c   0x00000144   Zero   RW         4411    .bss                nrf_crypto_rng.o
    0x20004660   0x00000014   Zero   RW         5034    .bss                nrf_drv_clock.o
    0x20004674   0x00000041   Zero   RW         5170    .bss                nrf_drv_rng.o
    0x200046b5   0x00000003   PAD
    0x200046b8   0x0000000c   Zero   RW         5171    .bss                nrf_drv_rng.o
    0x200046c4   0x0000005c   Zero   RW         5466    .bss                nrfx_gpiote.o
    0x20004720   0x0000002c   Zero   RW         5875    .bss                nrfx_uart.o
    0x2000474c   0x00000024   Zero   RW         6058    .bss                nrfx_uarte.o
    0x20004770   0x00000034   Zero   RW         6299    .bss                nrfx_twim.o
    0x200047a4   0x00000030   Zero   RW         6440    .bss                nrfx_saadc.o
    0x200047d4   0x00000020   Zero   RW         6576    .bss                app_button.o
    0x200047f4   0x00000020   Zero   RW         6634    .bss                app_error.o
    0x20004814   0x0000010c   Zero   RW         6802    .bss                app_timer.o
    0x20004920   0x0000000c   Zero   RW         6949    .bss                app_util_platform.o
    0x2000492c   0x00000010   Zero   RW         7090    .bss                fds.o
    0x2000493c   0x000000e0   Zero   RW         7091    .bss                fds.o
    0x20004a1c   0x00000010   Zero   RW         7980    .bss                nrf_fstorage_sd.o
    0x20004a2c   0x000000a0   Zero   RW         7981    .bss                nrf_fstorage_sd.o
    0x20004acc   0x0000000c   Zero   RW         8160    .bss                nrf_pwr_mgmt.o
    0x20004ad8   0x00000020   Zero   RW         8580    .bss                app_uart_fifo.o
    0x20004af8   0x00000040   Zero   RW         8733    .bss                nrf_log_backend_rtt.o
    0x20004b38   0x000000c0   Zero   RW         8908    .bss                nrf_log_frontend.o
    0x20004bf8   0x00000080   Zero   RW         8909    .bss                nrf_log_frontend.o
    0x20004c78   0x00000018   Zero   RW         8910    .bss                nrf_log_frontend.o
    0x20004c90   0x00000424   Zero   RW         8911    .bss                nrf_log_frontend.o
    0x200050b4   0x00000288   Zero   RW         9150    .bss                segger_rtt.o
    0x2000533c   0x0000001c   Zero   RW        10190    .bss                ble_dfu.o
    0x20005358   0x00000028   Zero   RW        10279    .bss                ble_dfu_unbonded.o
    0x20005380   0x00002000   Zero   RW        10360    STACK               arm_startup_nrf52.o


==============================================================================

Image component sizes


      Code (inc. data)   RO Data    RW Data    ZI Data      Debug   Object Name

      2404         30       8744          0          0      17795   aes.o
       708         58          6       1856          0      15123   afe4409.o
       440         36          8         32         32       9866   app_button.o
       100          4          0          0         32       3426   app_error.o
        26          0          0          0          0        576   app_error_handler_keil.o
       356        192          0          0          0       1730   app_error_weak.o
       118          0          0          0          0       4506   app_fifo.o
         0          0          0          0          0      36698   app_scheduler.o
      1526        124          6         20        268      49448   app_timer.o
       592        124         32         28         32      21934   app_uart_fifo.o
       124         14          0          0         12       9642   app_util_platform.o
        36          8        512          0       8192        936   arm_startup_nrf52.o
       840        210        107          4        192       6991   auth_status_tracker.o
      1324          0          0          0          0      52996   ble_advdata.o
      1102          6          0          0          0      11855   ble_advertising.o
       502          0         16          0          0       6559   ble_bas.o
       612         44          8          8         80       9163   ble_conn_params.o
       832        126          8          0        120      16527   ble_conn_state.o
       542         72         24          0         28       7500   ble_dfu.o
         0          0          0          0          0       4856   ble_dfu_bonded.o
       440         38        214          4         40       6605   ble_dfu_unbonded.o
       568         26         65         74          0       5639   ble_dis.o
        72          0          0          0          0       1672   ble_link_ctx_manager.o
       664          6         32          0          0       7020   ble_nus.o
       626          0          0          0          0       7248   ble_sensor.o
       664          6          0          0          0       6676   ble_srv_common.o
       358         40          8          0          0      13627   boards.o
       998         84         44         16        108      15603   bsp.o
       252         10          8          8          0       9168   bsp_btn_ble.o
       830          0          0          0          0      11115   ctr_drbg.o
      3418        314         24         68        240      50431   fds.o
      1848        544        561         16          0      24847   gatt_cache_manager.o
       578         70        374          6          0       9131   gatts_cache_manager.o
       946         34         32          0        216      15232   id_manager.o
      5630       1518        322        136       2230     291460   main.o
         0          0         17          0          0       5493   mem_manager.o
       382         32          3          6          0      14362   mma8451.o
       342          0          0          0          0       6778   nrf_atfifo.o
       170          0          0          0          0       4824   nrf_atflags.o
       332          0          0          0          0      10250   nrf_atomic.o
       164          0          0          0          0       3668   nrf_balloc.o
       926        272        205          0          0      36619   nrf_ble_gatt.o
      1144        544         87         12        316      42663   nrf_ble_lesc.o
       276          0          0          0          0       4741   nrf_ble_qwr.o
       448         26        108          0          0      10446   nrf_crypto_ecc.o
       160         10         12          0          0       2846   nrf_crypto_ecdh.o
        92         20          0          1          0       2966   nrf_crypto_init.o
       766        130          0         12        324      11409   nrf_crypto_rng.o
       276         34         30          0         20      37816   nrf_drv_clock.o
       416         42         42          3         77      12936   nrf_drv_rng.o
       328         16          6         16          0      24991   nrf_drv_twi.o
       200         26          0         12          0      17960   nrf_drv_uart.o
        50          0          0          0          0       3565   nrf_fprintf.o
       850          4         16          0          0       5522   nrf_fprintf_format.o
       972        432        194          0          0       8108   nrf_fstorage.o
       798         82         72          8        176      16167   nrf_fstorage_sd.o
        12          0          8          0          0       2333   nrf_hw_backend_init.o
       152          6          0          0          0       7659   nrf_hw_backend_rng_mbedtls.o
       112         18         18          1         64       5693   nrf_log_backend_rtt.o
       200          0          0          0          0      10893   nrf_log_backend_serial.o
        28          4         32          8          0       3361   nrf_log_default_backends.o
      1736        116         44         16       1404      34441   nrf_log_frontend.o
       566        108        102         64          0       5684   nrf_log_str_formatter.o
       346          0          0          0          0       9667   nrf_memobj.o
       292         42         53          8         12      37358   nrf_pwr_mgmt.o
       444          0          0          0          0       7370   nrf_queue.o
        28          0          0          0          0       2391   nrf_ringbuf.o
       680        180        104          3          0      41876   nrf_sdh.o
       804        296        539          1          0       5993   nrf_sdh_ble.o
       128         68         56          0          0       2500   nrf_sdh_soc.o
        78          0          0          0          0       2824   nrf_section_iter.o
        76         10       1319          0          0       2779   nrf_strerror.o
       226         30         14          8          0      41470   nrfx_clock.o
      1226         92         19          0         92      58859   nrfx_gpiote.o
        94         16         12          8          0       3817   nrfx_prs.o
       224         56         12          8          0      10260   nrfx_rng.o
       924         76         14          0         48      18342   nrfx_saadc.o
      1396         46         37          0         52      25833   nrfx_twim.o
      1362         36         17          0         44      28633   nrfx_uart.o
      1200         38         18          0         36      23987   nrfx_uarte.o
       326          4         76          0          0      35494   oberon_backend_ecc.o
        38          0          0          0          0       2809   oberon_backend_ecdh.o
      1152        144        285         12          0      16254   peer_data_storage.o
      1442        260        425          8        384      19622   peer_database.o
       314         38          0          0         64       9259   peer_id.o
      1774        456        217         16         12      19645   peer_manager.o
      1772        836        839         96          0      13460   peer_manager_handler.o
       234          0          0          0          0       5519   pm_buffer.o
      1948        262        663          5         64      27151   security_dispatcher.o
      1120        108        407         17          0      49970   security_manager.o
       378         34          0          0        648       9073   segger_rtt.o
       104          0          0          0          0       3475   sensorsim.o
       392        106          4         12         32      40673   slice_sm_button.o
       796         70          0          4          0      29574   system_nrf52.o
       376         72         32          3          0       9364   twi.o

    ----------------------------------------------------------------------
     63770       9036      17456       2664      15696    1733096   Object Totals
         0          0         32          0          0          0   (incl. Generated)
       102          0        111         20          5          0   (incl. Padding)

    ----------------------------------------------------------------------

      Code (inc. data)   RO Data    RW Data    ZI Data      Debug   Library Member Name

        86          0          0          0          0          0   __dczerorl2.o
         8          4        133          0          0         68   ctype_o.o
         0          0          0          0          0          0   entry.o
         0          0          0          0          0          0   entry10a.o
         0          0          0          0          0          0   entry11a.o
         8          4          0          0          0          0   entry2.o
         4          0          0          0          0          0   entry5.o
         0          0          0          0          0          0   entry7b.o
         0          0          0          0          0          0   entry8b.o
         8          4          0          0          0          0   entry9a.o
        30          0          0          0          0          0   handlers.o
        36          8          0          0          0         68   init.o
        30          0          0          0          0         68   llshl.o
        32          0          0          0          0         68   llushr.o
        26          0          0          0          0         80   memcmp.o
        66          0          0          0          0         76   memmove.o
        36          0          0          0          0        108   memseta.o
        18          0          0          0          0         68   strcpy.o
        14          0          0          0          0         68   strlen.o
        98          0          0          0          0         92   uldiv.o
      1644          0          0          0          0          0   occ_bigint256.s.obj
        64          0          0          0          0          0   occ_constant_time.s.obj
       456          4         32          0          0          0   occ_curve25519.c.obj
      1036         32        192         32          0          0   occ_curve_p256.c.obj
        88          0          0          0          0          0   occ_ecdh_p256.c.obj
        72          0          0          0          0          0   occ_ed25519.c.obj
      1004         20       1632          0          0          0   occ_ge25519.c.obj
       700          0          0          0          0          0   occ_mod25519.c.obj
      1644          0          0          0          0          0   occ_mod25519_base.s.obj
       528          0          0          0          0          0   occ_mod_p256.c.obj
      1720          0          0          0          0          0   occ_mod_p256_base.s.obj
       176          4         32          0          0          0   occ_sc25519.c.obj
        80          4         32          0          0          0   occ_sc_p256.c.obj
      2696         76        640          0          0          0   occ_sha512.c.obj
       792          0          0          0          0          0   occ_sha512_loop.c.obj

    ----------------------------------------------------------------------
     13206        164       2700         32          0        764   Library Totals
         6          4          7          0          0          0   (incl. Padding)

    ----------------------------------------------------------------------

      Code (inc. data)   RO Data    RW Data    ZI Data      Debug   Library Name

       500         20        133          0          0        764   mc_w.l
     12700        140       2560         32          0          0   oberon_short_wchar_2.0.5.lib

    ----------------------------------------------------------------------
     13206        164       2700         32          0        764   Library Totals

    ----------------------------------------------------------------------

==============================================================================


      Code (inc. data)   RO Data    RW Data    ZI Data      Debug   

     76976       9200      20156       2696      15696    1660184   Grand Totals
     76976       9200      20156        728      15696    1660184   ELF Image Totals (compressed)
     76976       9200      20156        728          0          0   ROM Totals

==============================================================================

    Total RO  Size (Code + RO Data)                97132 (  94.86kB)
    Total RW  Size (RW Data + ZI Data)             18392 (  17.96kB)
    Total ROM Size (Code + RO Data + RW Data)      97860 (  95.57kB)

==============================================================================

