<html>
<body>
<pre>
<h1>礦ision Build Log</h1>
<h2>Tool Versions:</h2>
IDE-Version: μVision V5.18a
Copyright (C) 2016 ARM Ltd and ARM Germany GmbH. All rights reserved.
License Information: mao xinxin, thu, LIC=03C6R-KVYMR-2ZPW4-FYXN0-6JJCT-BE638
 
Tool Versions:
Toolchain:       MDK-ARM Standard  Version: 5.18a
Toolchain Path:  C:\Keil_v5\ARM\ARMCC\Bin
C Compiler:      Armcc.exe V5.06 update 1 (build 61)
Assembler:       Armasm.exe V5.06 update 1 (build 61)
Linker/Locator:  ArmLink.exe V5.06 update 1 (build 61)
Library Manager: ArmAr.exe V5.06 update 1 (build 61)
Hex Converter:   FromElf.exe V5.06 update 1 (build 61)
CPU DLL:         
Dialog DLL:      
Target DLL:      Segger\JL2CM3.dll V2.99.19.0
Dialog DLL:      TCM.DLL V1.14.8.0
 
<h2>Project:</h2>
C:\Users\maoxi\Desktop\CUHKProject\PPG\tonytsang@ints.hk\APP and Embedded System\all_data_all_display\all_data_all_display\ble_app_hrs_pca10040_s132.uvprojx
Project File Date:  07/03/2024

<h2>Output:</h2>
*** Using Compiler 'V5.06 update 1 (build 61)', folder: 'C:\Keil_v5\ARM\ARMCC\Bin'
Build target 'nrf52832_xxaa'
compiling utf.c...
compiling ble_srv_common.c...
compiling ble_conn_state.c...
compiling ble_advdata.c...
compiling gatt_cache_manager.c...
compiling bsp.c...
compiling auth_status_tracker.c...
compiling ble_advertising.c...
compiling slice_sm_button.c...
compiling bsp_btn_ble.c...
compiling gatts_cache_manager.c...
compiling boards.c...
compiling ble_conn_params.c...
..\nRF5_SDK_15.2.0\components\ble\common\ble_conn_params.c(191): warning:  #177-D: variable "err_code" was declared but never referenced
      ret_code_t err_code;
..\nRF5_SDK_15.2.0\components\ble\common\ble_conn_params.c: 1 warning, 0 errors
compiling nrf_ble_gatt.c...
compiling id_manager.c...
compiling nrf_ble_qwr.c...
compiling peer_id.c...
compiling peer_data_storage.c...
compiling pm_buffer.c...
compiling peer_database.c...
compiling main.c...
.\afe4409\afe4409.h(59): warning:  #1-D: last line of file ends without a newline
  #endif /*_AFE44xx_H_*/
.\twi\twi.h(39): warning:  #1-D: last line of file ends without a newline
  #endif
main.c(320): warning:  #550-D: variable "val" was set but never used
  	  float  val;  //保??SAADC?????菁??愕?实?实?压值
main.c(1447): warning:  #177-D: variable "err_code" was declared but never referenced
  		ret_code_t err_code;
main.c(197): warning:  #177-D: variable "m_heart_rate_sim_cfg" was declared but never referenced
  static sensorsim_cfg_t   m_heart_rate_sim_cfg;                      /**< Heart Rate sensor simulator configuration. */
main.c(198): warning:  #177-D: variable "m_heart_rate_sim_state" was declared but never referenced
  static sensorsim_state_t m_heart_rate_sim_state;                    /**< Heart Rate sensor simulator state. */
main.c(211): warning:  #177-D: variable "fakeData" was declared but never referenced
  static int fakeData = 0;
main.c(212): warning:  #177-D: variable "data_loop" was declared but never referenced
  static int data_loop = 0;
main.c(213): warning:  #177-D: variable "arrFull" was declared but never referenced
  static bool arrFull = false;
main.c(285): warning:  #177-D: variable "dataLogger" was declared but never referenced
  static uint8_t dataLogger = 1;
main.c(287): warning:  #177-D: variable "flash_writing" was declared but never referenced
  static int flash_writing = 0;
main.c(291): warning:  #177-D: variable "adc_i" was declared but never referenced
  static int adc_i = 0;
main.c: 12 warnings, 0 errors
compiling nrf_ble_lesc.c...
compiling peer_manager.c...
compiling peer_manager_handler.c...
compiling ble_link_ctx_manager.c...
compiling security_dispatcher.c...
compiling ble_bas.c...
compiling ble_dis.c...
compiling security_manager.c...
compiling ble_sensor.c...
compiling nrf_crypto_aead.c...
compiling nrf_crypto_aes.c...
compiling ble_nus.c...
compiling nrf_crypto_aes_shared.c...
compiling nrf_crypto_ecc.c...
compiling nrf_crypto_ecdh.c...
compiling nrf_crypto_ecdsa.c...
compiling nrf_crypto_eddsa.c...
compiling nrf_crypto_error.c...
compiling nrf_crypto_hash.c...
compiling nrf_crypto_hkdf.c...
compiling nrf_crypto_init.c...
compiling nrf_crypto_shared.c...
compiling nrf_crypto_hmac.c...
compiling micro_ecc_backend_ecc.c...
compiling oberon_backend_chacha_poly_aead.c...
compiling nrf_crypto_rng.c...
compiling micro_ecc_backend_ecdh.c...
compiling micro_ecc_backend_ecdsa.c...
compiling oberon_backend_ecc.c...
compiling oberon_backend_ecdh.c...
compiling oberon_backend_ecdsa.c...
compiling nrf_hw_backend_rng.c...
compiling nrf_hw_backend_init.c...
compiling oberon_backend_hash.c...
compiling oberon_backend_eddsa.c...
compiling oberon_backend_hmac.c...
compiling nrf_hw_backend_rng_mbedtls.c...
compiling nrf_drv_rng.c...
compiling nrf_drv_clock.c...
compiling nrf_drv_uart.c...
compiling nrfx_clock.c...
compiling nrfx_power_clock.c...
compiling nrfx_prs.c...
compiling nrfx_gpiote.c...
compiling nrfx_rng.c...
compiling nrfx_uart.c...
compiling nrfx_twi.c...
compiling nrf_drv_twi.c...
compiling nrfx_uarte.c...
compiling nrfx_saadc.c...
compiling nrfx_twim.c...
compiling app_error.c...
compiling app_error_handler_keil.c...
compiling app_button.c...
compiling app_error_weak.c...
compiling app_scheduler.c...
compiling app_util_platform.c...
compiling crc16.c...
compiling hardfault_implementation.c...
compiling nrf_assert.c...
compiling app_timer.c...
compiling mem_manager.c...
compiling nrf_atfifo.c...
compiling fds.c...
compiling nrf_atflags.c...
compiling nrf_atomic.c...
compiling nrf_fprintf.c...
compiling nrf_balloc.c...
compiling sensorsim.c...
compiling nrf_fprintf_format.c...
compiling nrf_fstorage.c...
compiling nrf_fstorage_sd.c...
compiling nrf_memobj.c...
compiling nrf_strerror.c...
compiling nrf_queue.c...
compiling nrf_ringbuf.c...
compiling nrf_section_iter.c...
compiling nrf_pwr_mgmt.c...
compiling app_fifo.c...
compiling nrf_log_backend_uart.c...
compiling app_twi.c...
compiling nrf_log_backend_serial.c...
compiling app_uart_fifo.c...
compiling nrf_log_backend_rtt.c...
compiling aes.c...
compiling nrf_log_str_formatter.c...
compiling SEGGER_RTT.c...
compiling ctr_drbg.c...
compiling nrf_log_default_backends.c...
compiling SEGGER_RTT_printf.c...
compiling SEGGER_RTT_Syscalls_KEIL.c...
compiling nrf_log_frontend.c...
compiling nrf_sdh_ble.c...
compiling nrf_sdh.c...
compiling nrf_sdh_soc.c...
compiling system_nrf52.c...
compiling afe4409.c...
afe4409\afe4409.h(59): warning:  #1-D: last line of file ends without a newline
  #endif /*_AFE44xx_H_*/
.\twi\twi.h(39): warning:  #1-D: last line of file ends without a newline
  #endif
afe4409\afe4409.c(365): warning:  #550-D: variable "val" was set but never used
  		signed long val = 0;
afe4409\afe4409.c(485): warning:  #550-D: variable "val" was set but never used
  		signed long val = 0;
afe4409\afe4409.c(626): warning:  #1-D: last line of file ends without a newline
  }
afe4409\afe4409.c: 5 warnings, 0 errors
compiling nrf_dfu_svci.c...
compiling ble_dfu.c...
compiling ble_dfu_unbonded.c...
compiling ble_dfu_bonded.c...
compiling mma8451.c...
.\twi\twi.h(39): warning:  #1-D: last line of file ends without a newline
  #endif
afe4409\mma8451.c(73): warning:  #177-D: variable "err_code" was declared but never referenced
  		ret_code_t err_code;
afe4409\mma8451.c(117): warning:  #177-D: variable "sbu" was declared but never referenced
      sbu_t        sbu;        // Unit 
afe4409\mma8451.c(118): warning:  #177-D: variable "i" was declared but never referenced
      uint8_t     i;          // for test purpose only 
afe4409\mma8451.c(21): warning:  #177-D: variable "m_seq" was declared but never referenced
  static I2C_TransferSeq_TypeDef m_seq;
afe4409\mma8451.c: 5 warnings, 0 errors
compiling twi.c...
twi\twi.h(39): warning:  #1-D: last line of file ends without a newline
  #endif
twi\twi.c(100): warning:  #1-D: last line of file ends without a newline
  }
twi\twi.c: 2 warnings, 0 errors
linking...
Program Size: Code=76976 RO-data=20156 RW-data=2696 ZI-data=15696  
FromELF: creating hex file...
".\_build\nrf52832_xxaa.axf" - 0 Error(s), 25 Warning(s).

<h2>Software Packages used:</h2>

Package Vendor: ARM
                http://www.keil.com/pack/ARM.CMSIS.4.5.0.pack
                ARM::CMSIS:CORE:4.3.0
                CMSIS (Cortex Microcontroller Software Interface Standard)
   * Component: CORE Version: 4.3.0

Package Vendor: NordicSemiconductor
                http://developer.nordicsemi.com/nRF5_SDK/pieces/nRF_DeviceFamilyPack/NordicSemiconductor.nRF_DeviceFamilyPack.8.17.0.pack
                NordicSemiconductor::Device:Startup:8.17.0
                Nordic Semiconductor nRF ARM devices Device Family Pack.
   * Component: Startup Version: 8.17.0

<h2>Collection of Component include folders:</h2>
  C:\Users\maoxi\Desktop\CUHKProject\PPG\tonytsang@ints.hk\APP and Embedded System\all_data_all_display\all_data_all_display\RTE
  C:\Keil_v5\ARM\PACK\ARM\CMSIS\4.5.0\CMSIS\Include
  C:\Keil_v5\ARM\PACK\NordicSemiconductor\nRF_DeviceFamilyPack\8.17.0\Device\Include
  C:\Keil_v5\ARM\PACK\NordicSemiconductor\nRF_DeviceFamilyPack\8.42.0\Device\Include

<h2>Collection of Component Files used:</h2>

   * Component: ARM::CMSIS:CORE:4.3.0

   * Component: NordicSemiconductor::Device:Startup:8.17.0
      Include file:  Device\Include\system_nrf52.h
      Source file:   Device\Source\system_nrf52.c
      Source file:   Device\Source\arm\arm_startup_nrf52.s
Build Time Elapsed:  00:00:56
</pre>
</body>
</html>
